Build started 25/12/2025 02:27:16.
     1>Project "C:\Users\quint\OneDrive\Documenten\GitHub\QMUSICSLSK\SLSKDONET.sln" on node 1 (Restore target(s)).
     1>ValidateSolutionConfiguration:
         Building solution configuration "Debug|Any CPU".
       _GetAllRestoreProjectPathItems:
         Determining projects to restore...
     1>Project "C:\Users\quint\OneDrive\Documenten\GitHub\QMUSICSLSK\SLSKDONET.sln" (1) is building "C:\Users\quint\OneDrive\Documenten\GitHub\QMUSICSLSK\SLSKDONET.csproj" (3:5) on node 1 (_GenerateProjectRestoreGraph target(s)).
     3>AddPrunePackageReferences:
         Loading prune package data from PrunePackageData folder
         Failed to load prune package data from PrunePackageData folder, loading from targeting packs instead
         Looking for targeting packs in C:\Program Files\dotnet\packs\Microsoft.NETCore.App.Ref
         Pack directories found: C:\Program Files\dotnet\packs\Microsoft.NETCore.App.Ref\10.0.1
         Found package overrides file C:\Program Files\dotnet\packs\Microsoft.NETCore.App.Ref\10.0.1\data\PackageOverrides.txt
     3>Done Building Project "C:\Users\quint\OneDrive\Documenten\GitHub\QMUSICSLSK\SLSKDONET.csproj" (_GenerateProjectRestoreGraph target(s)).
     1>Restore:
         X.509 certificate chain validation will use the default trust store selected by .NET for code signing.
         X.509 certificate chain validation will use the default trust store selected by .NET for timestamping.
         Assets file has not changed. Skipping assets file writing. Path: C:\Users\quint\OneDrive\Documenten\GitHub\QMUSICSLSK\External\TreeDataGrid\src\Avalonia.Controls.TreeDataGrid\obj\project.assets.json
         Restored C:\Users\quint\OneDrive\Documenten\GitHub\QMUSICSLSK\External\TreeDataGrid\src\Avalonia.Controls.TreeDataGrid\Avalonia.Controls.TreeDataGrid.csproj (in 76 ms).
     1>C:\Users\quint\OneDrive\Documenten\GitHub\QMUSICSLSK\SLSKDONET.csproj : warning NU1510: PackageReference System.Text.Json will not be pruned. Consider removing this package from your dependencies, as it is likely unnecessary. [C:\Users\quint\OneDrive\Documenten\GitHub\QMUSICSLSK\SLSKDONET.sln]
         Assets file has not changed. Skipping assets file writing. Path: C:\Users\quint\OneDrive\Documenten\GitHub\QMUSICSLSK\obj\project.assets.json
         Restored C:\Users\quint\OneDrive\Documenten\GitHub\QMUSICSLSK\SLSKDONET.csproj (in 109 ms).
         
         NuGet Config files used:
             C:\Users\quint\OneDrive\Documenten\GitHub\QMUSICSLSK\External\TreeDataGrid\NuGet.Config
             C:\Users\quint\AppData\Roaming\NuGet\NuGet.Config
         
         Feeds used:
             https://pkgs.dev.azure.com/AvaloniaUI/AvaloniaUI/_packaging/avalonia-all/nuget/v3/index.json
             https://api.nuget.org/v3/index.json
         All projects are up-to-date for restore.
     1>Done Building Project "C:\Users\quint\OneDrive\Documenten\GitHub\QMUSICSLSK\SLSKDONET.sln" (Restore target(s)).
   1:2>Project "C:\Users\quint\OneDrive\Documenten\GitHub\QMUSICSLSK\SLSKDONET.sln" on node 1 (default targets).
     1>ValidateSolutionConfiguration:
         Building solution configuration "Debug|Any CPU".
   1:2>Project "C:\Users\quint\OneDrive\Documenten\GitHub\QMUSICSLSK\SLSKDONET.sln" (1:2) is building "C:\Users\quint\OneDrive\Documenten\GitHub\QMUSICSLSK\External\TreeDataGrid\src\Avalonia.Controls.TreeDataGrid\Avalonia.Controls.TreeDataGrid.csproj" (2:7) on node 2 (default targets).
     2>GenerateAvaloniaResources:
       Skipping target "GenerateAvaloniaResources" because all output files are up-to-date with respect to the input files.
       GenerateTargetFrameworkMonikerAttribute:
       Skipping target "GenerateTargetFrameworkMonikerAttribute" because all output files are up-to-date with respect to the input files.
       CoreGenerateAssemblyInfo:
       Skipping target "CoreGenerateAssemblyInfo" because all output files are up-to-date with respect to the input files.
       CoreCompile:
       Skipping target "CoreCompile" because all output files are up-to-date with respect to the input files.
       GenerateBuildDependencyFile:
       Skipping target "GenerateBuildDependencyFile" because all output files are up-to-date with respect to the input files.
       CopyFilesToOutputDirectory:
         Could not extract the MVID from "obj\Debug\net5.0\refint\Avalonia.Controls.TreeDataGrid.dll". Are you sure it is a reference assembly?
         Copying reference assembly from "obj\Debug\net5.0\refint\Avalonia.Controls.TreeDataGrid.dll" to "C:\Users\quint\OneDrive\Documenten\GitHub\QMUSICSLSK\External\TreeDataGrid\src\Avalonia.Controls.TreeDataGrid\obj\Debug\net5.0\ref\Avalonia.Controls.TreeDataGrid.dll".
         Avalonia.Controls.TreeDataGrid -> C:\Users\quint\OneDrive\Documenten\GitHub\QMUSICSLSK\External\TreeDataGrid\src\Avalonia.Controls.TreeDataGrid\bin\Debug\net5.0\Avalonia.Controls.TreeDataGrid.dll
     2>Done Building Project "C:\Users\quint\OneDrive\Documenten\GitHub\QMUSICSLSK\External\TreeDataGrid\src\Avalonia.Controls.TreeDataGrid\Avalonia.Controls.TreeDataGrid.csproj" (default targets).
   1:2>Project "C:\Users\quint\OneDrive\Documenten\GitHub\QMUSICSLSK\SLSKDONET.sln" (1:2) is building "C:\Users\quint\OneDrive\Documenten\GitHub\QMUSICSLSK\SLSKDONET.csproj" (3:6) on node 1 (default targets).
     3>C:\Users\quint\OneDrive\Documenten\GitHub\QMUSICSLSK\SLSKDONET.csproj : warning NU1510: PackageReference System.Text.Json will not be pruned. Consider removing this package from your dependencies, as it is likely unnecessary.
     3>GenerateAvaloniaResources:
       Skipping target "GenerateAvaloniaResources" because all output files are up-to-date with respect to the input files.
       GenerateTargetFrameworkMonikerAttribute:
       Skipping target "GenerateTargetFrameworkMonikerAttribute" because all output files are up-to-date with respect to the input files.
       CoreGenerateAssemblyInfo:
       Skipping target "CoreGenerateAssemblyInfo" because all output files are up-to-date with respect to the input files.
       _GenerateSourceLinkFile:
         Source Link file 'obj\Debug\net10.0\SLSKDONET.sourcelink.json' is up-to-date.
       CoreCompile:
         Setting DOTNET_ROOT to 'C:\Program Files\dotnet'
         C:\Program Files\dotnet\sdk\10.0.101\Roslyn\bincore\csc.exe /noconfig /unsafe- /checked- /nowarn:1701,1702,1701,1702 /fullpaths /nostdlib+ /errorreport:prompt /warn:10 /define:TRACE;DEBUG;NET;NET10_0;NETCOREAPP;NET5_0_OR_GREATER;NET6_0_OR_GREATER;NET7_0_OR_GREATER;NET8_0_OR_GREATER;NET9_0_OR_GREATER;NET10_0_OR_GREATER;NETCOREAPP1_0_OR_GREATER;NETCOREAPP1_1_OR_GREATER;NETCOREAPP2_0_OR_GREATER;NETCOREAPP2_1_OR_GREATER;NETCOREAPP2_2_OR_GREATER;NETCOREAPP3_0_OR_GREATER;NETCOREAPP3_1_OR_GREATER /highentropyva+ /nullable:enable /reference:C:\Users\quint\.nuget\packages\avalonia\11.2.2\ref\net8.0\Avalonia.Base.dll /reference:C:\Users\quint\.nuget\packages\avalonia.controls.colorpicker\11.2.2\lib\net8.0\Avalonia.Controls.ColorPicker.dll /reference:C:\Users\quint\.nuget\packages\avalonia.controls.datagrid\11.2.2\lib\net8.0\Avalonia.Controls.DataGrid.dll /reference:C:\Users\quint\.nuget\packages\avalonia\11.2.2\ref\net8.0\Avalonia.Controls.dll /reference:C:\Users\quint\OneDrive\Documenten\GitHub\QMUSICSLSK\External\TreeDataGrid\src\Avalonia.Controls.TreeDataGrid\obj\Debug\net5.0\ref\Avalonia.Controls.TreeDataGrid.dll /reference:C:\Users\quint\.nuget\packages\avalonia\11.2.2\ref\net8.0\Avalonia.DesignerSupport.dll /reference:C:\Users\quint\.nuget\packages\avalonia.desktop\11.2.2\lib\net8.0\Avalonia.Desktop.dll /reference:C:\Users\quint\.nuget\packages\avalonia.diagnostics\11.2.2\lib\net8.0\Avalonia.Diagnostics.dll /reference:C:\Users\quint\.nuget\packages\avalonia\11.2.2\ref\net8.0\Avalonia.Dialogs.dll /reference:C:\Users\quint\.nuget\packages\avalonia\11.2.2\ref\net8.0\Avalonia.dll /reference:C:\Users\quint\.nuget\packages\avalonia.fonts.inter\11.2.2\lib\net8.0\Avalonia.Fonts.Inter.dll /reference:C:\Users\quint\.nuget\packages\avalonia.freedesktop\11.2.2\lib\net8.0\Avalonia.FreeDesktop.dll /reference:C:\Users\quint\.nuget\packages\avalonia\11.2.2\ref\net8.0\Avalonia.Markup.dll /reference:C:\Users\quint\.nuget\packages\avalonia\11.2.2\ref\net8.0\Avalonia.Markup.Xaml.dll /reference:C:\Users\quint\.nuget\packages\avalonia\11.2.2\ref\net8.0\Avalonia.Metal.dll /reference:C:\Users\quint\.nuget\packages\avalonia\11.2.2\ref\net8.0\Avalonia.MicroCom.dll /reference:C:\Users\quint\.nuget\packages\avalonia.native\11.2.2\lib\net8.0\Avalonia.Native.dll /reference:C:\Users\quint\.nuget\packages\avalonia\11.2.2\ref\net8.0\Avalonia.OpenGL.dll /reference:C:\Users\quint\.nuget\packages\avalonia.reactiveui\11.2.2\lib\net8.0\Avalonia.ReactiveUI.dll /reference:C:\Users\quint\.nuget\packages\avalonia.remote.protocol\11.2.2\lib\net8.0\Avalonia.Remote.Protocol.dll /reference:C:\Users\quint\.nuget\packages\avalonia.skia\11.2.2\lib\net8.0\Avalonia.Skia.dll /reference:C:\Users\quint\.nuget\packages\avalonia.themes.fluent\11.2.2\lib\net8.0\Avalonia.Themes.Fluent.dll /reference:C:\Users\quint\.nuget\packages\avalonia.themes.simple\11.2.2\lib\net8.0\Avalonia.Themes.Simple.dll /reference:C:\Users\quint\.nuget\packages\avalonia\11.2.2\ref\net8.0\Avalonia.Vulkan.dll /reference:C:\Users\quint\.nuget\packages\avalonia.win32\11.2.2\lib\net8.0\Avalonia.Win32.dll /reference:C:\Users\quint\.nuget\packages\avalonia.x11\11.2.2\lib\net8.0\Avalonia.X11.dll /reference:C:\Users\quint\.nuget\packages\csvhelper\33.1.0\lib\net9.0\CsvHelper.dll /reference:C:\Users\quint\.nuget\packages\dynamicdata\9.4.1\lib\net9.0\DynamicData.dll /reference:C:\Users\quint\.nuget\packages\embedio\3.5.2\lib\netstandard2.0\EmbedIO.dll /reference:C:\Users\quint\.nuget\packages\harfbuzzsharp\7.3.0.3\lib\net6.0\HarfBuzzSharp.dll /reference:C:\Users\quint\.nuget\packages\htmlagilitypack\1.11.60\lib\netstandard2.0\HtmlAgilityPack.dll /reference:C:\Users\quint\.nuget\packages\libvlcsharp.avalonia\3.9.5\lib\netstandard2.0\LibVLCSharp.Avalonia.dll /reference:C:\Users\quint\.nuget\packages\libvlcsharp\3.9.5\lib\net9.0\LibVLCSharp.dll /reference:C:\Users\quint\.nuget\packages\microcom.runtime\0.11.0\lib\net5.0\MicroCom.Runtime.dll /reference:"C:\Program Files\dotnet\packs\Microsoft.NETCore.App.Ref\10.0.1\ref\net10.0\Microsoft.CSharp.dll" /reference:C:\Users\quint\.nuget\packages\microsoft.data.sqlite.core\8.0.22\lib\net8.0\Microsoft.Data.Sqlite.dll /reference:C:\Users\quint\.nuget\packages\microsoft.entityframeworkcore.abstractions\8.0.22\lib\net8.0\Microsoft.EntityFrameworkCore.Abstractions.dll /reference:C:\Users\quint\.nuget\packages\microsoft.entityframeworkcore\8.0.22\lib\net8.0\Microsoft.EntityFrameworkCore.dll /reference:C:\Users\quint\.nuget\packages\microsoft.entityframeworkcore.relational\8.0.22\lib\net8.0\Microsoft.EntityFrameworkCore.Relational.dll /reference:C:\Users\quint\.nuget\packages\microsoft.entityframeworkcore.sqlite.core\8.0.22\lib\net8.0\Microsoft.EntityFrameworkCore.Sqlite.dll /reference:C:\Users\quint\.nuget\packages\microsoft.extensions.caching.abstractions\8.0.0\lib\net8.0\Microsoft.Extensions.Caching.Abstractions.dll /reference:C:\Users\quint\.nuget\packages\microsoft.extensions.caching.memory\8.0.1\lib\net8.0\Microsoft.Extensions.Caching.Memory.dll /reference:C:\Users\quint\.nuget\packages\microsoft.extensions.configuration.abstractions\8.0.0\lib\net8.0\Microsoft.Extensions.Configuration.Abstractions.dll /reference:C:\Users\quint\.nuget\packages\microsoft.extensions.configuration.binder\8.0.2\lib\net8.0\Microsoft.Extensions.Configuration.Binder.dll /reference:C:\Users\quint\.nuget\packages\microsoft.extensions.configuration\8.0.0\lib\net8.0\Microsoft.Extensions.Configuration.dll /reference:C:\Users\quint\.nuget\packages\microsoft.extensions.configuration.fileextensions\8.0.0\lib\net8.0\Microsoft.Extensions.Configuration.FileExtensions.dll /reference:C:\Users\quint\.nuget\packages\microsoft.extensions.configuration.ini\8.0.0\lib\net8.0\Microsoft.Extensions.Configuration.Ini.dll /reference:C:\Users\quint\.nuget\packages\microsoft.extensions.configuration.json\8.0.0\lib\net8.0\Microsoft.Extensions.Configuration.Json.dll /reference:C:\Users\quint\.nuget\packages\microsoft.extensions.dependencyinjection.abstractions\8.0.2\lib\net8.0\Microsoft.Extensions.DependencyInjection.Abstractions.dll /reference:C:\Users\quint\.nuget\packages\microsoft.extensions.dependencyinjection\8.0.1\lib\net8.0\Microsoft.Extensions.DependencyInjection.dll /reference:C:\Users\quint\.nuget\packages\microsoft.extensions.dependencymodel\8.0.2\lib\net8.0\Microsoft.Extensions.DependencyModel.dll /reference:C:\Users\quint\.nuget\packages\microsoft.extensions.diagnostics.abstractions\8.0.0\lib\net8.0\Microsoft.Extensions.Diagnostics.Abstractions.dll /reference:C:\Users\quint\.nuget\packages\microsoft.extensions.diagnostics\8.0.0\lib\net8.0\Microsoft.Extensions.Diagnostics.dll /reference:C:\Users\quint\.nuget\packages\microsoft.extensions.fileproviders.abstractions\8.0.0\lib\net8.0\Microsoft.Extensions.FileProviders.Abstractions.dll /reference:C:\Users\quint\.nuget\packages\microsoft.extensions.fileproviders.physical\8.0.0\lib\net8.0\Microsoft.Extensions.FileProviders.Physical.dll /reference:C:\Users\quint\.nuget\packages\microsoft.extensions.filesystemglobbing\8.0.0\lib\net8.0\Microsoft.Extensions.FileSystemGlobbing.dll /reference:C:\Users\quint\.nuget\packages\microsoft.extensions.http\8.0.0\lib\net8.0\Microsoft.Extensions.Http.dll /reference:C:\Users\quint\.nuget\packages\microsoft.extensions.logging.abstractions\8.0.2\lib\net8.0\Microsoft.Extensions.Logging.Abstractions.dll /reference:C:\Users\quint\.nuget\packages\microsoft.extensions.logging.configuration\8.0.1\lib\net8.0\Microsoft.Extensions.Logging.Configuration.dll /reference:C:\Users\quint\.nuget\packages\microsoft.extensions.logging.console\8.0.1\lib\net8.0\Microsoft.Extensions.Logging.Console.dll /reference:C:\Users\quint\.nuget\packages\microsoft.extensions.logging\8.0.1\lib\net8.0\Microsoft.Extensions.Logging.dll /reference:C:\Users\quint\.nuget\packages\microsoft.extensions.options.configurationextensions\8.0.0\lib\net8.0\Microsoft.Extensions.Options.ConfigurationExtensions.dll /reference:C:\Users\quint\.nuget\packages\microsoft.extensions.options\8.0.2\lib\net8.0\Microsoft.Extensions.Options.dll /reference:C:\Users\quint\.nuget\packages\microsoft.extensions.primitives\8.0.0\lib\net8.0\Microsoft.Extensions.Primitives.dll /reference:"C:\Program Files\dotnet\packs\Microsoft.NETCore.App.Ref\10.0.1\ref\net10.0\Microsoft.VisualBasic.Core.dll" /reference:"C:\Program Files\dotnet\packs\Microsoft.NETCore.App.Ref\10.0.1\ref\net10.0\Microsoft.VisualBasic.dll" /reference:"C:\Program Files\dotnet\packs\Microsoft.NETCore.App.Ref\10.0.1\ref\net10.0\Microsoft.Win32.Primitives.dll" /reference:"C:\Program Files\dotnet\packs\Microsoft.NETCore.App.Ref\10.0.1\ref\net10.0\Microsoft.Win32.Registry.dll" /reference:"C:\Program Files\dotnet\packs\Microsoft.NETCore.App.Ref\10.0.1\ref\net10.0\mscorlib.dll" /reference:"C:\Program Files\dotnet\packs\Microsoft.NETCore.App.Ref\10.0.1\ref\net10.0\netstandard.dll" /reference:C:\Users\quint\.nuget\packages\newtonsoft.json\13.0.3\lib\net6.0\Newtonsoft.Json.dll /reference:C:\Users\quint\.nuget\packages\reactiveui\20.1.1\lib\net8.0\ReactiveUI.dll /reference:C:\Users\quint\.nuget\packages\serilog\4.0.0\lib\net8.0\Serilog.dll /reference:C:\Users\quint\.nuget\packages\serilog.enrichers.environment\3.0.1\lib\net8.0\Serilog.Enrichers.Environment.dll /reference:C:\Users\quint\.nuget\packages\serilog.enrichers.thread\4.0.0\lib\net8.0\Serilog.Enrichers.Thread.dll /reference:C:\Users\quint\.nuget\packages\serilog.extensions.logging\8.0.0\lib\net8.0\Serilog.Extensions.Logging.dll /reference:C:\Users\quint\.nuget\packages\serilog.formatting.compact\3.0.0\lib\net8.0\Serilog.Formatting.Compact.dll /reference:C:\Users\quint\.nuget\packages\serilog.settings.configuration\8.0.4\lib\net8.0\Serilog.Settings.Configuration.dll /reference:C:\Users\quint\.nuget\packages\serilog.sinks.console\6.0.0\lib\net8.0\Serilog.Sinks.Console.dll /reference:C:\Users\quint\.nuget\packages\serilog.sinks.file\6.0.0\lib\net8.0\Serilog.Sinks.File.dll /reference:C:\Users\quint\.nuget\packages\simple-avalonia-dragndrop-service\2.4.3\lib\net8.0\Simple-Avalonia-DragnDrop-Service.dll /reference:C:\Users\quint\.nuget\packages\skiasharp\2.88.9\lib\net6.0\SkiaSharp.dll /reference:C:\Users\quint\.nuget\packages\soulseek\8.5.0\lib\netstandard2.1\Soulseek.dll /reference:C:\Users\quint\.nuget\packages\splat\15.1.1\lib\net8.0\Splat.dll /reference:C:\Users\quint\.nuget\packages\spotifyapi.web.auth\7.2.1\lib\net8.0\SpotifyAPI.Web.Auth.dll /reference:C:\Users\quint\.nuget\packages\spotifyapi.web\7.2.1\lib\net8.0\SpotifyAPI.Web.dll /reference:C:\Users\quint\.nuget\packages\sqlitepclraw.bundle_e_sqlite3\2.1.6\lib\netstandard2.0\SQLitePCLRaw.batteries_v2.dll /reference:C:\Users\quint\.nuget\packages\sqlitepclraw.core\2.1.6\lib\netstandard2.0\SQLitePCLRaw.core.dll /reference:C:\Users\quint\.nuget\packages\sqlitepclraw.provider.e_sqlite3\2.1.6\lib\net6.0\SQLitePCLRaw.provider.e_sqlite3.dll /reference:C:\Users\quint\.nuget\packages\unosquare.swan.lite\3.1.0\lib\netstandard2.0\Swan.Lite.dll /reference:"C:\Program Files\dotnet\packs\Microsoft.NETCore.App.Ref\10.0.1\ref\net10.0\System.AppContext.dll" /reference:"C:\Program Files\dotnet\packs\Microsoft.NETCore.App.Ref\10.0.1\ref\net10.0\System.Buffers.dll" /reference:"C:\Program Files\dotnet\packs\Microsoft.NETCore.App.Ref\10.0.1\ref\net10.0\System.Collections.Concurrent.dll" /reference:"C:\Program Files\dotnet\packs\Microsoft.NETCore.App.Ref\10.0.1\ref\net10.0\System.Collections.dll" /reference:"C:\Program Files\dotnet\packs\Microsoft.NETCore.App.Ref\10.0.1\ref\net10.0\System.Collections.Immutable.dll" /reference:"C:\Program Files\dotnet\packs\Microsoft.NETCore.App.Ref\10.0.1\ref\net10.0\System.Collections.NonGeneric.dll" /reference:"C:\Program Files\dotnet\packs\Microsoft.NETCore.App.Ref\10.0.1\ref\net10.0\System.Collections.Specialized.dll" /reference:"C:\Program Files\dotnet\packs\Microsoft.NETCore.App.Ref\10.0.1\ref\net10.0\System.ComponentModel.Annotations.dll" /reference:"C:\Program Files\dotnet\packs\Microsoft.NETCore.App.Ref\10.0.1\ref\net10.0\System.ComponentModel.DataAnnotations.dll" /reference:"C:\Program Files\dotnet\packs\Microsoft.NETCore.App.Ref\10.0.1\ref\net10.0\System.ComponentModel.dll" /reference:"C:\Program Files\dotnet\packs\Microsoft.NETCore.App.Ref\10.0.1\ref\net10.0\System.ComponentModel.EventBasedAsync.dll" /reference:"C:\Program Files\dotnet\packs\Microsoft.NETCore.App.Ref\10.0.1\ref\net10.0\System.ComponentModel.Primitives.dll" /reference:"C:\Program Files\dotnet\packs\Microsoft.NETCore.App.Ref\10.0.1\ref\net10.0\System.ComponentModel.TypeConverter.dll" /reference:"C:\Program Files\dotnet\packs\Microsoft.NETCore.App.Ref\10.0.1\ref\net10.0\System.Configuration.dll" /reference:"C:\Program Files\dotnet\packs\Microsoft.NETCore.App.Ref\10.0.1\ref\net10.0\System.Console.dll" /reference:"C:\Program Files\dotnet\packs\Microsoft.NETCore.App.Ref\10.0.1\ref\net10.0\System.Core.dll" /reference:"C:\Program Files\dotnet\packs\Microsoft.NETCore.App.Ref\10.0.1\ref\net10.0\System.Data.Common.dll" /reference:"C:\Program Files\dotnet\packs\Microsoft.NETCore.App.Ref\10.0.1\ref\net10.0\System.Data.DataSetExtensions.dll" /reference:"C:\Program Files\dotnet\packs\Microsoft.NETCore.App.Ref\10.0.1\ref\net10.0\System.Data.dll" /reference:"C:\Program Files\dotnet\packs\Microsoft.NETCore.App.Ref\10.0.1\ref\net10.0\System.Diagnostics.Contracts.dll" /reference:"C:\Program Files\dotnet\packs\Microsoft.NETCore.App.Ref\10.0.1\ref\net10.0\System.Diagnostics.Debug.dll" /reference:"C:\Program Files\dotnet\packs\Microsoft.NETCore.App.Ref\10.0.1\ref\net10.0\System.Diagnostics.DiagnosticSource.dll" /reference:"C:\Program Files\dotnet\packs\Microsoft.NETCore.App.Ref\10.0.1\ref\net10.0\System.Diagnostics.FileVersionInfo.dll" /reference:"C:\Program Files\dotnet\packs\Microsoft.NETCore.App.Ref\10.0.1\ref\net10.0\System.Diagnostics.Process.dll" /reference:"C:\Program Files\dotnet\packs\Microsoft.NETCore.App.Ref\10.0.1\ref\net10.0\System.Diagnostics.StackTrace.dll" /reference:"C:\Program Files\dotnet\packs\Microsoft.NETCore.App.Ref\10.0.1\ref\net10.0\System.Diagnostics.TextWriterTraceListener.dll" /reference:"C:\Program Files\dotnet\packs\Microsoft.NETCore.App.Ref\10.0.1\ref\net10.0\System.Diagnostics.Tools.dll" /reference:"C:\Program Files\dotnet\packs\Microsoft.NETCore.App.Ref\10.0.1\ref\net10.0\System.Diagnostics.TraceSource.dll" /reference:"C:\Program Files\dotnet\packs\Microsoft.NETCore.App.Ref\10.0.1\ref\net10.0\System.Diagnostics.Tracing.dll" /reference:"C:\Program Files\dotnet\packs\Microsoft.NETCore.App.Ref\10.0.1\ref\net10.0\System.dll" /reference:"C:\Program Files\dotnet\packs\Microsoft.NETCore.App.Ref\10.0.1\ref\net10.0\System.Drawing.dll" /reference:"C:\Program Files\dotnet\packs\Microsoft.NETCore.App.Ref\10.0.1\ref\net10.0\System.Drawing.Primitives.dll" /reference:"C:\Program Files\dotnet\packs\Microsoft.NETCore.App.Ref\10.0.1\ref\net10.0\System.Dynamic.Runtime.dll" /reference:"C:\Program Files\dotnet\packs\Microsoft.NETCore.App.Ref\10.0.1\ref\net10.0\System.Formats.Asn1.dll" /reference:"C:\Program Files\dotnet\packs\Microsoft.NETCore.App.Ref\10.0.1\ref\net10.0\System.Formats.Tar.dll" /reference:"C:\Program Files\dotnet\packs\Microsoft.NETCore.App.Ref\10.0.1\ref\net10.0\System.Globalization.Calendars.dll" /reference:"C:\Program Files\dotnet\packs\Microsoft.NETCore.App.Ref\10.0.1\ref\net10.0\System.Globalization.dll" /reference:"C:\Program Files\dotnet\packs\Microsoft.NETCore.App.Ref\10.0.1\ref\net10.0\System.Globalization.Extensions.dll" /reference:"C:\Program Files\dotnet\packs\Microsoft.NETCore.App.Ref\10.0.1\ref\net10.0\System.IO.Compression.Brotli.dll" /reference:"C:\Program Files\dotnet\packs\Microsoft.NETCore.App.Ref\10.0.1\ref\net10.0\System.IO.Compression.dll" /reference:"C:\Program Files\dotnet\packs\Microsoft.NETCore.App.Ref\10.0.1\ref\net10.0\System.IO.Compression.FileSystem.dll" /reference:"C:\Program Files\dotnet\packs\Microsoft.NETCore.App.Ref\10.0.1\ref\net10.0\System.IO.Compression.ZipFile.dll" /reference:"C:\Program Files\dotnet\packs\Microsoft.NETCore.App.Ref\10.0.1\ref\net10.0\System.IO.dll" /reference:"C:\Program Files\dotnet\packs\Microsoft.NETCore.App.Ref\10.0.1\ref\net10.0\System.IO.FileSystem.AccessControl.dll" /reference:"C:\Program Files\dotnet\packs\Microsoft.NETCore.App.Ref\10.0.1\ref\net10.0\System.IO.FileSystem.dll" /reference:"C:\Program Files\dotnet\packs\Microsoft.NETCore.App.Ref\10.0.1\ref\net10.0\System.IO.FileSystem.DriveInfo.dll" /reference:"C:\Program Files\dotnet\packs\Microsoft.NETCore.App.Ref\10.0.1\ref\net10.0\System.IO.FileSystem.Primitives.dll" /reference:"C:\Program Files\dotnet\packs\Microsoft.NETCore.App.Ref\10.0.1\ref\net10.0\System.IO.FileSystem.Watcher.dll" /reference:"C:\Program Files\dotnet\packs\Microsoft.NETCore.App.Ref\10.0.1\ref\net10.0\System.IO.IsolatedStorage.dll" /reference:"C:\Program Files\dotnet\packs\Microsoft.NETCore.App.Ref\10.0.1\ref\net10.0\System.IO.MemoryMappedFiles.dll" /reference:"C:\Program Files\dotnet\packs\Microsoft.NETCore.App.Ref\10.0.1\ref\net10.0\System.IO.Pipelines.dll" /reference:"C:\Program Files\dotnet\packs\Microsoft.NETCore.App.Ref\10.0.1\ref\net10.0\System.IO.Pipes.AccessControl.dll" /reference:"C:\Program Files\dotnet\packs\Microsoft.NETCore.App.Ref\10.0.1\ref\net10.0\System.IO.Pipes.dll" /reference:"C:\Program Files\dotnet\packs\Microsoft.NETCore.App.Ref\10.0.1\ref\net10.0\System.IO.UnmanagedMemoryStream.dll" /reference:"C:\Program Files\dotnet\packs\Microsoft.NETCore.App.Ref\10.0.1\ref\net10.0\System.Linq.AsyncEnumerable.dll" /reference:"C:\Program Files\dotnet\packs\Microsoft.NETCore.App.Ref\10.0.1\ref\net10.0\System.Linq.dll" /reference:"C:\Program Files\dotnet\packs\Microsoft.NETCore.App.Ref\10.0.1\ref\net10.0\System.Linq.Expressions.dll" /reference:"C:\Program Files\dotnet\packs\Microsoft.NETCore.App.Ref\10.0.1\ref\net10.0\System.Linq.Parallel.dll" /reference:"C:\Program Files\dotnet\packs\Microsoft.NETCore.App.Ref\10.0.1\ref\net10.0\System.Linq.Queryable.dll" /reference:"C:\Program Files\dotnet\packs\Microsoft.NETCore.App.Ref\10.0.1\ref\net10.0\System.Memory.dll" /reference:"C:\Program Files\dotnet\packs\Microsoft.NETCore.App.Ref\10.0.1\ref\net10.0\System.Net.dll" /reference:"C:\Program Files\dotnet\packs\Microsoft.NETCore.App.Ref\10.0.1\ref\net10.0\System.Net.Http.dll" /reference:"C:\Program Files\dotnet\packs\Microsoft.NETCore.App.Ref\10.0.1\ref\net10.0\System.Net.Http.Json.dll" /reference:"C:\Program Files\dotnet\packs\Microsoft.NETCore.App.Ref\10.0.1\ref\net10.0\System.Net.HttpListener.dll" /reference:"C:\Program Files\dotnet\packs\Microsoft.NETCore.App.Ref\10.0.1\ref\net10.0\System.Net.Mail.dll" /reference:"C:\Program Files\dotnet\packs\Microsoft.NETCore.App.Ref\10.0.1\ref\net10.0\System.Net.NameResolution.dll" /reference:"C:\Program Files\dotnet\packs\Microsoft.NETCore.App.Ref\10.0.1\ref\net10.0\System.Net.NetworkInformation.dll" /reference:"C:\Program Files\dotnet\packs\Microsoft.NETCore.App.Ref\10.0.1\ref\net10.0\System.Net.Ping.dll" /reference:"C:\Program Files\dotnet\packs\Microsoft.NETCore.App.Ref\10.0.1\ref\net10.0\System.Net.Primitives.dll" /reference:"C:\Program Files\dotnet\packs\Microsoft.NETCore.App.Ref\10.0.1\ref\net10.0\System.Net.Quic.dll" /reference:"C:\Program Files\dotnet\packs\Microsoft.NETCore.App.Ref\10.0.1\ref\net10.0\System.Net.Requests.dll" /reference:"C:\Program Files\dotnet\packs\Microsoft.NETCore.App.Ref\10.0.1\ref\net10.0\System.Net.Security.dll" /reference:"C:\Program Files\dotnet\packs\Microsoft.NETCore.App.Ref\10.0.1\ref\net10.0\System.Net.ServerSentEvents.dll" /reference:"C:\Program Files\dotnet\packs\Microsoft.NETCore.App.Ref\10.0.1\ref\net10.0\System.Net.ServicePoint.dll" /reference:"C:\Program Files\dotnet\packs\Microsoft.NETCore.App.Ref\10.0.1\ref\net10.0\System.Net.Sockets.dll" /reference:"C:\Program Files\dotnet\packs\Microsoft.NETCore.App.Ref\10.0.1\ref\net10.0\System.Net.WebClient.dll" /reference:"C:\Program Files\dotnet\packs\Microsoft.NETCore.App.Ref\10.0.1\ref\net10.0\System.Net.WebHeaderCollection.dll" /reference:"C:\Program Files\dotnet\packs\Microsoft.NETCore.App.Ref\10.0.1\ref\net10.0\System.Net.WebProxy.dll" /reference:"C:\Program Files\dotnet\packs\Microsoft.NETCore.App.Ref\10.0.1\ref\net10.0\System.Net.WebSockets.Client.dll" /reference:"C:\Program Files\dotnet\packs\Microsoft.NETCore.App.Ref\10.0.1\ref\net10.0\System.Net.WebSockets.dll" /reference:"C:\Program Files\dotnet\packs\Microsoft.NETCore.App.Ref\10.0.1\ref\net10.0\System.Numerics.dll" /reference:"C:\Program Files\dotnet\packs\Microsoft.NETCore.App.Ref\10.0.1\ref\net10.0\System.Numerics.Vectors.dll" /reference:"C:\Program Files\dotnet\packs\Microsoft.NETCore.App.Ref\10.0.1\ref\net10.0\System.ObjectModel.dll" /reference:C:\Users\quint\.nuget\packages\system.reactive\6.1.0\lib\net6.0\System.Reactive.dll /reference:"C:\Program Files\dotnet\packs\Microsoft.NETCore.App.Ref\10.0.1\ref\net10.0\System.Reflection.DispatchProxy.dll" /reference:"C:\Program Files\dotnet\packs\Microsoft.NETCore.App.Ref\10.0.1\ref\net10.0\System.Reflection.dll" /reference:"C:\Program Files\dotnet\packs\Microsoft.NETCore.App.Ref\10.0.1\ref\net10.0\System.Reflection.Emit.dll" /reference:"C:\Program Files\dotnet\packs\Microsoft.NETCore.App.Ref\10.0.1\ref\net10.0\System.Reflection.Emit.ILGeneration.dll" /reference:"C:\Program Files\dotnet\packs\Microsoft.NETCore.App.Ref\10.0.1\ref\net10.0\System.Reflection.Emit.Lightweight.dll" /reference:"C:\Program Files\dotnet\packs\Microsoft.NETCore.App.Ref\10.0.1\ref\net10.0\System.Reflection.Extensions.dll" /reference:"C:\Program Files\dotnet\packs\Microsoft.NETCore.App.Ref\10.0.1\ref\net10.0\System.Reflection.Metadata.dll" /reference:"C:\Program Files\dotnet\packs\Microsoft.NETCore.App.Ref\10.0.1\ref\net10.0\System.Reflection.Primitives.dll" /reference:"C:\Program Files\dotnet\packs\Microsoft.NETCore.App.Ref\10.0.1\ref\net10.0\System.Reflection.TypeExtensions.dll" /reference:"C:\Program Files\dotnet\packs\Microsoft.NETCore.App.Ref\10.0.1\ref\net10.0\System.Resources.Reader.dll" /reference:"C:\Program Files\dotnet\packs\Microsoft.NETCore.App.Ref\10.0.1\ref\net10.0\System.Resources.ResourceManager.dll" /reference:"C:\Program Files\dotnet\packs\Microsoft.NETCore.App.Ref\10.0.1\ref\net10.0\System.Resources.Writer.dll" /reference:"C:\Program Files\dotnet\packs\Microsoft.NETCore.App.Ref\10.0.1\ref\net10.0\System.Runtime.CompilerServices.Unsafe.dll" /reference:"C:\Program Files\dotnet\packs\Microsoft.NETCore.App.Ref\10.0.1\ref\net10.0\System.Runtime.CompilerServices.VisualC.dll" /reference:"C:\Program Files\dotnet\packs\Microsoft.NETCore.App.Ref\10.0.1\ref\net10.0\System.Runtime.dll" /reference:"C:\Program Files\dotnet\packs\Microsoft.NETCore.App.Ref\10.0.1\ref\net10.0\System.Runtime.Extensions.dll" /reference:"C:\Program Files\dotnet\packs\Microsoft.NETCore.App.Ref\10.0.1\ref\net10.0\System.Runtime.Handles.dll" /reference:"C:\Program Files\dotnet\packs\Microsoft.NETCore.App.Ref\10.0.1\ref\net10.0\System.Runtime.InteropServices.dll" /reference:"C:\Program Files\dotnet\packs\Microsoft.NETCore.App.Ref\10.0.1\ref\net10.0\System.Runtime.InteropServices.JavaScript.dll" /reference:"C:\Program Files\dotnet\packs\Microsoft.NETCore.App.Ref\10.0.1\ref\net10.0\System.Runtime.InteropServices.RuntimeInformation.dll" /reference:"C:\Program Files\dotnet\packs\Microsoft.NETCore.App.Ref\10.0.1\ref\net10.0\System.Runtime.Intrinsics.dll" /reference:"C:\Program Files\dotnet\packs\Microsoft.NETCore.App.Ref\10.0.1\ref\net10.0\System.Runtime.Loader.dll" /reference:"C:\Program Files\dotnet\packs\Microsoft.NETCore.App.Ref\10.0.1\ref\net10.0\System.Runtime.Numerics.dll" /reference:"C:\Program Files\dotnet\packs\Microsoft.NETCore.App.Ref\10.0.1\ref\net10.0\System.Runtime.Serialization.dll" /reference:"C:\Program Files\dotnet\packs\Microsoft.NETCore.App.Ref\10.0.1\ref\net10.0\System.Runtime.Serialization.Formatters.dll" /reference:"C:\Program Files\dotnet\packs\Microsoft.NETCore.App.Ref\10.0.1\ref\net10.0\System.Runtime.Serialization.Json.dll" /reference:"C:\Program Files\dotnet\packs\Microsoft.NETCore.App.Ref\10.0.1\ref\net10.0\System.Runtime.Serialization.Primitives.dll" /reference:"C:\Program Files\dotnet\packs\Microsoft.NETCore.App.Ref\10.0.1\ref\net10.0\System.Runtime.Serialization.Xml.dll" /reference:"C:\Program Files\dotnet\packs\Microsoft.NETCore.App.Ref\10.0.1\ref\net10.0\System.Security.AccessControl.dll" /reference:"C:\Program Files\dotnet\packs\Microsoft.NETCore.App.Ref\10.0.1\ref\net10.0\System.Security.Claims.dll" /reference:"C:\Program Files\dotnet\packs\Microsoft.NETCore.App.Ref\10.0.1\ref\net10.0\System.Security.Cryptography.Algorithms.dll" /reference:"C:\Program Files\dotnet\packs\Microsoft.NETCore.App.Ref\10.0.1\ref\net10.0\System.Security.Cryptography.Cng.dll" /reference:"C:\Program Files\dotnet\packs\Microsoft.NETCore.App.Ref\10.0.1\ref\net10.0\System.Security.Cryptography.Csp.dll" /reference:"C:\Program Files\dotnet\packs\Microsoft.NETCore.App.Ref\10.0.1\ref\net10.0\System.Security.Cryptography.dll" /reference:"C:\Program Files\dotnet\packs\Microsoft.NETCore.App.Ref\10.0.1\ref\net10.0\System.Security.Cryptography.Encoding.dll" /reference:"C:\Program Files\dotnet\packs\Microsoft.NETCore.App.Ref\10.0.1\ref\net10.0\System.Security.Cryptography.OpenSsl.dll" /reference:"C:\Program Files\dotnet\packs\Microsoft.NETCore.App.Ref\10.0.1\ref\net10.0\System.Security.Cryptography.Primitives.dll" /reference:C:\Users\quint\.nuget\packages\system.security.cryptography.protecteddata\8.0.0\lib\net8.0\System.Security.Cryptography.ProtectedData.dll /reference:"C:\Program Files\dotnet\packs\Microsoft.NETCore.App.Ref\10.0.1\ref\net10.0\System.Security.Cryptography.X509Certificates.dll" /reference:"C:\Program Files\dotnet\packs\Microsoft.NETCore.App.Ref\10.0.1\ref\net10.0\System.Security.dll" /reference:"C:\Program Files\dotnet\packs\Microsoft.NETCore.App.Ref\10.0.1\ref\net10.0\System.Security.Principal.dll" /reference:"C:\Program Files\dotnet\packs\Microsoft.NETCore.App.Ref\10.0.1\ref\net10.0\System.Security.Principal.Windows.dll" /reference:"C:\Program Files\dotnet\packs\Microsoft.NETCore.App.Ref\10.0.1\ref\net10.0\System.Security.SecureString.dll" /reference:"C:\Program Files\dotnet\packs\Microsoft.NETCore.App.Ref\10.0.1\ref\net10.0\System.ServiceModel.Web.dll" /reference:"C:\Program Files\dotnet\packs\Microsoft.NETCore.App.Ref\10.0.1\ref\net10.0\System.ServiceProcess.dll" /reference:"C:\Program Files\dotnet\packs\Microsoft.NETCore.App.Ref\10.0.1\ref\net10.0\System.Text.Encoding.CodePages.dll" /reference:"C:\Program Files\dotnet\packs\Microsoft.NETCore.App.Ref\10.0.1\ref\net10.0\System.Text.Encoding.dll" /reference:"C:\Program Files\dotnet\packs\Microsoft.NETCore.App.Ref\10.0.1\ref\net10.0\System.Text.Encoding.Extensions.dll" /reference:"C:\Program Files\dotnet\packs\Microsoft.NETCore.App.Ref\10.0.1\ref\net10.0\System.Text.Encodings.Web.dll" /reference:"C:\Program Files\dotnet\packs\Microsoft.NETCore.App.Ref\10.0.1\ref\net10.0\System.Text.Json.dll" /reference:"C:\Program Files\dotnet\packs\Microsoft.NETCore.App.Ref\10.0.1\ref\net10.0\System.Text.RegularExpressions.dll" /reference:"C:\Program Files\dotnet\packs\Microsoft.NETCore.App.Ref\10.0.1\ref\net10.0\System.Threading.AccessControl.dll" /reference:"C:\Program Files\dotnet\packs\Microsoft.NETCore.App.Ref\10.0.1\ref\net10.0\System.Threading.Channels.dll" /reference:"C:\Program Files\dotnet\packs\Microsoft.NETCore.App.Ref\10.0.1\ref\net10.0\System.Threading.dll" /reference:"C:\Program Files\dotnet\packs\Microsoft.NETCore.App.Ref\10.0.1\ref\net10.0\System.Threading.Overlapped.dll" /reference:"C:\Program Files\dotnet\packs\Microsoft.NETCore.App.Ref\10.0.1\ref\net10.0\System.Threading.Tasks.Dataflow.dll" /reference:"C:\Program Files\dotnet\packs\Microsoft.NETCore.App.Ref\10.0.1\ref\net10.0\System.Threading.Tasks.dll" /reference:"C:\Program Files\dotnet\packs\Microsoft.NETCore.App.Ref\10.0.1\ref\net10.0\System.Threading.Tasks.Extensions.dll" /reference:"C:\Program Files\dotnet\packs\Microsoft.NETCore.App.Ref\10.0.1\ref\net10.0\System.Threading.Tasks.Parallel.dll" /reference:"C:\Program Files\dotnet\packs\Microsoft.NETCore.App.Ref\10.0.1\ref\net10.0\System.Threading.Thread.dll" /reference:"C:\Program Files\dotnet\packs\Microsoft.NETCore.App.Ref\10.0.1\ref\net10.0\System.Threading.ThreadPool.dll" /reference:"C:\Program Files\dotnet\packs\Microsoft.NETCore.App.Ref\10.0.1\ref\net10.0\System.Threading.Timer.dll" /reference:"C:\Program Files\dotnet\packs\Microsoft.NETCore.App.Ref\10.0.1\ref\net10.0\System.Transactions.dll" /reference:"C:\Program Files\dotnet\packs\Microsoft.NETCore.App.Ref\10.0.1\ref\net10.0\System.Transactions.Local.dll" /reference:"C:\Program Files\dotnet\packs\Microsoft.NETCore.App.Ref\10.0.1\ref\net10.0\System.ValueTuple.dll" /reference:"C:\Program Files\dotnet\packs\Microsoft.NETCore.App.Ref\10.0.1\ref\net10.0\System.Web.dll" /reference:"C:\Program Files\dotnet\packs\Microsoft.NETCore.App.Ref\10.0.1\ref\net10.0\System.Web.HttpUtility.dll" /reference:"C:\Program Files\dotnet\packs\Microsoft.NETCore.App.Ref\10.0.1\ref\net10.0\System.Windows.dll" /reference:"C:\Program Files\dotnet\packs\Microsoft.NETCore.App.Ref\10.0.1\ref\net10.0\System.Xml.dll" /reference:"C:\Program Files\dotnet\packs\Microsoft.NETCore.App.Ref\10.0.1\ref\net10.0\System.Xml.Linq.dll" /reference:"C:\Program Files\dotnet\packs\Microsoft.NETCore.App.Ref\10.0.1\ref\net10.0\System.Xml.ReaderWriter.dll" /reference:"C:\Program Files\dotnet\packs\Microsoft.NETCore.App.Ref\10.0.1\ref\net10.0\System.Xml.Serialization.dll" /reference:"C:\Program Files\dotnet\packs\Microsoft.NETCore.App.Ref\10.0.1\ref\net10.0\System.Xml.XDocument.dll" /reference:"C:\Program Files\dotnet\packs\Microsoft.NETCore.App.Ref\10.0.1\ref\net10.0\System.Xml.XmlDocument.dll" /reference:"C:\Program Files\dotnet\packs\Microsoft.NETCore.App.Ref\10.0.1\ref\net10.0\System.Xml.XmlSerializer.dll" /reference:"C:\Program Files\dotnet\packs\Microsoft.NETCore.App.Ref\10.0.1\ref\net10.0\System.Xml.XPath.dll" /reference:"C:\Program Files\dotnet\packs\Microsoft.NETCore.App.Ref\10.0.1\ref\net10.0\System.Xml.XPath.XDocument.dll" /reference:C:\Users\quint\.nuget\packages\taglibsharp\2.3.0\lib\netstandard2.0\TagLibSharp.dll /reference:C:\Users\quint\.nuget\packages\tmds.dbus.protocol\0.20.0\lib\net8.0\Tmds.DBus.Protocol.dll /reference:"C:\Program Files\dotnet\packs\Microsoft.NETCore.App.Ref\10.0.1\ref\net10.0\WindowsBase.dll" /reference:C:\Users\quint\.nuget\packages\xabe.ffmpeg\5.2.6\lib\netstandard2.0\Xabe.FFmpeg.dll /features:"InterceptorsNamespaces=;Microsoft.Extensions.Validation.Generated" /debug+ /debug:portable /filealign:512 /optimize- /out:obj\Debug\net10.0\SLSKDONET.dll /refout:obj\Debug\net10.0\refint\SLSKDONET.dll /resource:obj\Debug\net10.0\/Avalonia/resources,"!AvaloniaResources" /target:exe /warnaserror- /utf8output /deterministic+ /sourcelink:obj\Debug\net10.0\SLSKDONET.sourcelink.json /langversion:14.0 /embed:obj\Debug\net10.0\SLSKDONET.GlobalUsings.g.cs /embed:"obj\Debug\net10.0\.NETCoreApp,Version=v10.0.AssemblyAttributes.cs" /embed:obj\Debug\net10.0\SLSKDONET.AssemblyInfo.cs /analyzerconfig:obj\Debug\net10.0\SLSKDONET.GeneratedMSBuildEditorConfig.editorconfig /analyzerconfig:"C:\Program Files\dotnet\sdk\10.0.101\Sdks\Microsoft.NET.Sdk\analyzers\build\config\analysislevel_10_default.globalconfig" /analyzer:"C:\Program Files\dotnet\sdk\10.0.101\Sdks\Microsoft.NET.Sdk\targets\..\analyzers\Microsoft.CodeAnalysis.CSharp.NetAnalyzers.dll" /analyzer:"C:\Program Files\dotnet\sdk\10.0.101\Sdks\Microsoft.NET.Sdk\targets\..\analyzers\Microsoft.CodeAnalysis.NetAnalyzers.dll" /analyzer:C:\Users\quint\.nuget\packages\avalonia\11.2.2\analyzers\dotnet\cs\Avalonia.Analyzers.dll /analyzer:C:\Users\quint\.nuget\packages\avalonia\11.2.2\analyzers\dotnet\cs\Avalonia.Generators.dll /analyzer:C:\Users\quint\.nuget\packages\microsoft.codeanalysis.analyzers\3.3.3\analyzers\dotnet\cs\Microsoft.CodeAnalysis.Analyzers.dll /analyzer:C:\Users\quint\.nuget\packages\microsoft.codeanalysis.analyzers\3.3.3\analyzers\dotnet\cs\Microsoft.CodeAnalysis.CSharp.Analyzers.dll /analyzer:C:\Users\quint\.nuget\packages\microsoft.entityframeworkcore.analyzers\8.0.22\analyzers\dotnet\cs\Microsoft.EntityFrameworkCore.Analyzers.dll /analyzer:C:\Users\quint\.nuget\packages\microsoft.extensions.logging.abstractions\8.0.2\analyzers\dotnet\roslyn4.4\cs\Microsoft.Extensions.Logging.Generators.dll /analyzer:C:\Users\quint\.nuget\packages\microsoft.extensions.options\8.0.2\analyzers\dotnet\roslyn4.4\cs\Microsoft.Extensions.Options.SourceGeneration.dll /analyzer:"C:\Program Files\dotnet\packs\Microsoft.NETCore.App.Ref\10.0.1\analyzers/dotnet/cs/Microsoft.Interop.ComInterfaceGenerator.dll" /analyzer:"C:\Program Files\dotnet\packs\Microsoft.NETCore.App.Ref\10.0.1\analyzers/dotnet/cs/Microsoft.Interop.JavaScript.JSImportGenerator.dll" /analyzer:"C:\Program Files\dotnet\packs\Microsoft.NETCore.App.Ref\10.0.1\analyzers/dotnet/cs/Microsoft.Interop.LibraryImportGenerator.dll" /analyzer:"C:\Program Files\dotnet\packs\Microsoft.NETCore.App.Ref\10.0.1\analyzers/dotnet/cs/Microsoft.Interop.SourceGeneration.dll" /analyzer:"C:\Program Files\dotnet\packs\Microsoft.NETCore.App.Ref\10.0.1\analyzers/dotnet/cs/System.Text.Json.SourceGeneration.dll" /analyzer:"C:\Program Files\dotnet\packs\Microsoft.NETCore.App.Ref\10.0.1\analyzers/dotnet/cs/System.Text.RegularExpressions.Generator.dll" /additionalfile:App.axaml /additionalfile:Themes\AvaloniaTheme.axaml /additionalfile:Views\Avalonia\Controls\AlbumCard.axaml /additionalfile:Views\Avalonia\Controls\CompactPlaylistTemplate.axaml /additionalfile:Views\Avalonia\Controls\ConfirmationDialog.axaml /additionalfile:Views\Avalonia\Controls\QueuePanel.axaml /additionalfile:Views\Avalonia\Controls\SpotifyImportControl.axaml /additionalfile:Views\Avalonia\Controls\StarRatingControl.axaml /additionalfile:Views\Avalonia\DownloadsPage.axaml /additionalfile:Views\Avalonia\HomePage.axaml /additionalfile:Views\Avalonia\ImportPage.axaml /additionalfile:Views\Avalonia\ImportPreviewPage.axaml /additionalfile:Views\Avalonia\InspectorPage.axaml /additionalfile:Views\Avalonia\LibraryPage.axaml /additionalfile:Views\Avalonia\MainWindow.axaml /additionalfile:Views\Avalonia\NowPlayingPage.axaml /additionalfile:Views\Avalonia\PlayerControl.axaml /additionalfile:Views\Avalonia\QueuePanel.axaml /additionalfile:Views\Avalonia\SearchPage.axaml /additionalfile:Views\Avalonia\SettingsPage.axaml /additionalfile:Views\Avalonia\TrackInspectorView.axaml /additionalfile:Views\Avalonia\UpgradeScoutView.axaml App.axaml.cs Configuration\AppConfig.cs Configuration\ConfigManager.cs Configuration\ScoringConstants.cs Configuration\ScoringWeights.cs Data\AppDbContext.cs Data\Entities\SpotifyMetadataCacheEntity.cs Data\LibraryHealthEntity.cs Data\PlaylistActivityLogEntity.cs Data\QueueItemEntity.cs Data\TrackEntity.cs Events\TrackEvents.cs Migrations\20251217102647_Phase0_MusicalIntelligence.cs Migrations\20251217102647_Phase0_MusicalIntelligence.Designer.cs Migrations\20251221135430_AddSpotifyMetadata.cs Migrations\20251221135430_AddSpotifyMetadata.Designer.cs Migrations\20251222123214_AddHydrationFields.cs Migrations\20251222123214_AddHydrationFields.Designer.cs Migrations\20251222185449_AddDownloadPauseFields.cs Migrations\20251222185449_AddDownloadPauseFields.Designer.cs Migrations\AppDbContextModelSnapshot.cs Models\ColumnDefinition.cs Models\DownloadJob.cs Models\Events.cs Models\FileCondition.cs Models\ImportDownloadStats.cs Models\ImportResult.cs Models\LibraryEntry.cs Models\OrchestratedQueryProgress.cs Models\PageType.cs Models\PlaylistJob.cs Models\PlaylistTrack.cs Models\ProjectEventArgs.cs Models\ScoringContext.cs Models\SearchEnums.cs Models\SearchQuery.cs Models\SmartPlaylist.cs Models\Track.cs Program.cs Services\ArtworkCacheService.cs Services\ArtworkPipeline.cs Services\AudioPlayerService.cs Services\AvaloniaNavigationService.cs Services\ClipboardService.cs Services\CrashRecoveryJournal.cs Services\CrashRecoveryService.cs Services\DashboardService.cs Services\DatabaseService.cs Services\DialogService.cs Services\DownloadDiscoveryService.cs Services\DownloadManager.cs Services\DownloadOrchestrationService.cs Services\DragAdornerService.cs Services\DragContext.cs Services\EventBusService.cs Services\FileInteractionService.cs Services\FileNameFormatter.cs Services\FilePathResolverService.cs Services\IAudioPlayerService.cs Services\IClipboardService.cs Services\IDialogService.cs Services\IFileInteractionService.cs Services\IFilePathResolverService.cs Services\IImportProvider.cs Services\ILibraryService.cs Services\ImportOrchestrator.cs Services\ImportProviders\CsvImportProvider.cs Services\ImportProviders\SpotifyImportProvider.cs Services\ImportProviders\SpotifyLikedSongsImportProvider.cs Services\ImportProviders\TracklistImportProvider.cs Services\InputDialog.xaml.cs Services\InputParsers\InputSources.cs Services\InputParsers\SpotifyInputSource.cs Services\InputParsers\SpotifyScraperInputSource.cs Services\IO\FileVerificationHelper.cs Services\IO\IFileWriteService.cs Services\IO\SafeWriteService.cs Services\ISecureTokenStorage.cs Services\ISoulseekAdapter.cs Services\ISpotifyMetadataService.cs Services\ITaggerService.cs Services\IUserInputService.cs Services\LibraryActions\DeletePlaylistAction.cs Services\LibraryActions\ILibraryAction.cs Services\LibraryActions\LibraryActionProvider.cs Services\LibraryActions\LibraryContext.cs Services\LibraryActions\OpenFolderAction.cs Services\LibraryActions\RemoveFromPlaylistAction.cs Services\LibraryCacheService.cs Services\LibraryEnrichmentWorker.cs Services\LibraryOrganizationService.cs Services\LibraryService.cs Services\LibraryUpgradeScout.cs Services\MetadataEnrichmentOrchestrator.cs Services\MetadataService.cs Services\MetadataTaggerService.cs Services\Models\DownloadContext.cs Services\Models\IndexAuditReport.cs Services\Models\TrackEnrichmentResult.cs Services\NotificationServiceAdapter.cs Services\PathProviderService.cs Services\Platform\LinuxTokenStorage.cs Services\Platform\MacOSTokenStorage.cs Services\Platform\WindowsTokenStorage.cs Services\ProtectedDataService.cs Services\Ranking\BalancedStrategy.cs Services\Ranking\DJModeStrategy.cs Services\Ranking\ISortingStrategy.cs Services\Ranking\QualityFirstStrategy.cs Services\RekordboxXmlExporter.cs Services\ResultSorter.cs Services\SearchOrchestrationService.cs Services\SearchResultMatcher.cs Services\SecureTokenStorageFactory.cs Services\SonicIntegrityService.cs Services\SoulseekAdapter.cs Services\SoulseekCredentialService.cs Services\SpotifyAuthService.cs Services\SpotifyBatchClient.cs Services\SpotifyBulkFetcher.cs Services\SpotifyEnrichmentService.cs Services\SpotifyMetadataService.cs Services\Tagging\IAudioTagger.cs Services\Tagging\Id3Tagger.cs Services\Tagging\M4ATagger.cs Services\Tagging\TaggerFactory.cs Services\Tagging\VorbisTagger.cs Services\UserInputService.cs Utils\CommentTracklistParser.cs Utils\FileFormattingUtils.cs Utils\FilenameNormalizer.cs Utils\GuidGenerator.cs Utils\StringDistanceUtils.cs Utils\ValidationUtils.cs ViewModels\AlbumResultViewModel.cs ViewModels\ConnectionViewModel.cs ViewModels\Downloads\DownloadCenterViewModel.cs ViewModels\Downloads\DownloadItemViewModel.cs ViewModels\HomeViewModel.cs ViewModels\ImportHistoryViewModel.cs ViewModels\ImportPreviewViewModel.cs ViewModels\LibraryViewModel.cs ViewModels\Library\AlbumNode.cs ViewModels\Library\HierarchicalLibraryViewModel.cs ViewModels\Library\ILibraryNode.cs ViewModels\Library\ProjectListViewModel.cs ViewModels\Library\SmartPlaylistViewModel.cs ViewModels\Library\TrackListViewModel.cs ViewModels\Library\TrackOperationsViewModel.cs ViewModels\PlayerDockLocation.cs ViewModels\PlayerViewModel.cs ViewModels\PlaylistTrackViewModel.cs ViewModels\RepeatMode.cs ViewModels\SearchResult.cs ViewModels\SearchViewModel.cs ViewModels\SelectableTrack.cs ViewModels\SettingsViewModel.cs ViewModels\SpotifyImportViewModel.cs ViewModels\TrackInspectorViewModel.cs ViewModels\UpgradeCandidateViewModel.cs ViewModels\UpgradeScoutViewModel.cs Views\AsyncRelayCommand.cs Views\Avalonia\Controls\AlbumCard.axaml.cs Views\Avalonia\Controls\CompactPlaylistTemplate.axaml.cs Views\Avalonia\Controls\ConfirmationDialog.axaml.cs Views\Avalonia\Controls\QueuePanel.axaml.cs Views\Avalonia\Controls\SpotifyImportControl.axaml.cs Views\Avalonia\Controls\StarRatingControl.axaml.cs Views\Avalonia\Converters\BitmapValueConverter.cs Views\Avalonia\Converters\BooleanConverters.cs Views\Avalonia\Converters\BoolToColorConverter.cs Views\Avalonia\Converters\BoolToFontWeightConverter.cs Views\Avalonia\Converters\LikeConverters.cs Views\Avalonia\Converters\PlayerDockIconConverter.cs Views\Avalonia\Converters\PlayerLocationConverter.cs Views\Avalonia\Converters\RankingConverters.cs Views\Avalonia\Converters\RepeatModeColorConverter.cs Views\Avalonia\Converters\TrackStateConverters.cs Views\Avalonia\Converters\UtilityConverters.cs Views\Avalonia\Converters\WidthToVisibilityConverter.cs Views\Avalonia\DownloadsPage.axaml.cs Views\Avalonia\HomePage.axaml.cs Views\Avalonia\ImportPage.axaml.cs Views\Avalonia\ImportPreviewPage.axaml.cs Views\Avalonia\InspectorPage.axaml.cs Views\Avalonia\LibraryPage.axaml.cs Views\Avalonia\MainWindow.axaml.cs Views\Avalonia\NowPlayingPage.axaml.cs Views\Avalonia\PlayerControl.axaml.cs Views\Avalonia\QueuePanel.axaml.cs Views\Avalonia\SearchPage.axaml.cs Views\Avalonia\SettingsPage.axaml.cs Views\Avalonia\TrackInspectorView.axaml.cs Views\Avalonia\UpgradeScoutView.axaml.cs Views\Converters\AlbumArtConverter.cs Views\DownloadLogService.cs Views\INotificationServiceAvalonia.cs Views\MainViewModel.cs Views\RelayCommand.cs obj\Debug\net10.0\SLSKDONET.GlobalUsings.g.cs "obj\Debug\net10.0\.NETCoreApp,Version=v10.0.AssemblyAttributes.cs" obj\Debug\net10.0\SLSKDONET.AssemblyInfo.cs /warnaserror+:NU1605,SYSLIB0011
         Compilation request SLSKDONET (net10.0), PathToTool=C:\Program Files\dotnet\sdk\10.0.101\Roslyn\bincore\csc.exe
         CommandLine = ' /noconfig'
         BuildResponseFile = '/unsafe- /checked- /nowarn:1701,1702,1701,1702 /fullpaths /nostdlib+ /errorreport:prompt /warn:10 /define:TRACE;DEBUG;NET;NET10_0;NETCOREAPP;NET5_0_OR_GREATER;NET6_0_OR_GREATER;NET7_0_OR_GREATER;NET8_0_OR_GREATER;NET9_0_OR_GREATER;NET10_0_OR_GREATER;NETCOREAPP1_0_OR_GREATER;NETCOREAPP1_1_OR_GREATER;NETCOREAPP2_0_OR_GREATER;NETCOREAPP2_1_OR_GREATER;NETCOREAPP2_2_OR_GREATER;NETCOREAPP3_0_OR_GREATER;NETCOREAPP3_1_OR_GREATER /highentropyva+ /nullable:enable /reference:C:\Users\quint\.nuget\packages\avalonia\11.2.2\ref\net8.0\Avalonia.Base.dll /reference:C:\Users\quint\.nuget\packages\avalonia.controls.colorpicker\11.2.2\lib\net8.0\Avalonia.Controls.ColorPicker.dll /reference:C:\Users\quint\.nuget\packages\avalonia.controls.datagrid\11.2.2\lib\net8.0\Avalonia.Controls.DataGrid.dll /reference:C:\Users\quint\.nuget\packages\avalonia\11.2.2\ref\net8.0\Avalonia.Controls.dll /reference:C:\Users\quint\OneDrive\Documenten\GitHub\QMUSICSLSK\External\TreeDataGrid\src\Avalonia.Controls.TreeDataGrid\obj\Debug\net5.0\ref\Avalonia.Controls.TreeDataGrid.dll /reference:C:\Users\quint\.nuget\packages\avalonia\11.2.2\ref\net8.0\Avalonia.DesignerSupport.dll /reference:C:\Users\quint\.nuget\packages\avalonia.desktop\11.2.2\lib\net8.0\Avalonia.Desktop.dll /reference:C:\Users\quint\.nuget\packages\avalonia.diagnostics\11.2.2\lib\net8.0\Avalonia.Diagnostics.dll /reference:C:\Users\quint\.nuget\packages\avalonia\11.2.2\ref\net8.0\Avalonia.Dialogs.dll /reference:C:\Users\quint\.nuget\packages\avalonia\11.2.2\ref\net8.0\Avalonia.dll /reference:C:\Users\quint\.nuget\packages\avalonia.fonts.inter\11.2.2\lib\net8.0\Avalonia.Fonts.Inter.dll /reference:C:\Users\quint\.nuget\packages\avalonia.freedesktop\11.2.2\lib\net8.0\Avalonia.FreeDesktop.dll /reference:C:\Users\quint\.nuget\packages\avalonia\11.2.2\ref\net8.0\Avalonia.Markup.dll /reference:C:\Users\quint\.nuget\packages\avalonia\11.2.2\ref\net8.0\Avalonia.Markup.Xaml.dll /reference:C:\Users\quint\.nuget\packages\avalonia\11.2.2\ref\net8.0\Avalonia.Metal.dll /reference:C:\Users\quint\.nuget\packages\avalonia\11.2.2\ref\net8.0\Avalonia.MicroCom.dll /reference:C:\Users\quint\.nuget\packages\avalonia.native\11.2.2\lib\net8.0\Avalonia.Native.dll /reference:C:\Users\quint\.nuget\packages\avalonia\11.2.2\ref\net8.0\Avalonia.OpenGL.dll /reference:C:\Users\quint\.nuget\packages\avalonia.reactiveui\11.2.2\lib\net8.0\Avalonia.ReactiveUI.dll /reference:C:\Users\quint\.nuget\packages\avalonia.remote.protocol\11.2.2\lib\net8.0\Avalonia.Remote.Protocol.dll /reference:C:\Users\quint\.nuget\packages\avalonia.skia\11.2.2\lib\net8.0\Avalonia.Skia.dll /reference:C:\Users\quint\.nuget\packages\avalonia.themes.fluent\11.2.2\lib\net8.0\Avalonia.Themes.Fluent.dll /reference:C:\Users\quint\.nuget\packages\avalonia.themes.simple\11.2.2\lib\net8.0\Avalonia.Themes.Simple.dll /reference:C:\Users\quint\.nuget\packages\avalonia\11.2.2\ref\net8.0\Avalonia.Vulkan.dll /reference:C:\Users\quint\.nuget\packages\avalonia.win32\11.2.2\lib\net8.0\Avalonia.Win32.dll /reference:C:\Users\quint\.nuget\packages\avalonia.x11\11.2.2\lib\net8.0\Avalonia.X11.dll /reference:C:\Users\quint\.nuget\packages\csvhelper\33.1.0\lib\net9.0\CsvHelper.dll /reference:C:\Users\quint\.nuget\packages\dynamicdata\9.4.1\lib\net9.0\DynamicData.dll /reference:C:\Users\quint\.nuget\packages\embedio\3.5.2\lib\netstandard2.0\EmbedIO.dll /reference:C:\Users\quint\.nuget\packages\harfbuzzsharp\7.3.0.3\lib\net6.0\HarfBuzzSharp.dll /reference:C:\Users\quint\.nuget\packages\htmlagilitypack\1.11.60\lib\netstandard2.0\HtmlAgilityPack.dll /reference:C:\Users\quint\.nuget\packages\libvlcsharp.avalonia\3.9.5\lib\netstandard2.0\LibVLCSharp.Avalonia.dll /reference:C:\Users\quint\.nuget\packages\libvlcsharp\3.9.5\lib\net9.0\LibVLCSharp.dll /reference:C:\Users\quint\.nuget\packages\microcom.runtime\0.11.0\lib\net5.0\MicroCom.Runtime.dll /reference:"C:\Program Files\dotnet\packs\Microsoft.NETCore.App.Ref\10.0.1\ref\net10.0\Microsoft.CSharp.dll" /reference:C:\Users\quint\.nuget\packages\microsoft.data.sqlite.core\8.0.22\lib\net8.0\Microsoft.Data.Sqlite.dll /reference:C:\Users\quint\.nuget\packages\microsoft.entityframeworkcore.abstractions\8.0.22\lib\net8.0\Microsoft.EntityFrameworkCore.Abstractions.dll /reference:C:\Users\quint\.nuget\packages\microsoft.entityframeworkcore\8.0.22\lib\net8.0\Microsoft.EntityFrameworkCore.dll /reference:C:\Users\quint\.nuget\packages\microsoft.entityframeworkcore.relational\8.0.22\lib\net8.0\Microsoft.EntityFrameworkCore.Relational.dll /reference:C:\Users\quint\.nuget\packages\microsoft.entityframeworkcore.sqlite.core\8.0.22\lib\net8.0\Microsoft.EntityFrameworkCore.Sqlite.dll /reference:C:\Users\quint\.nuget\packages\microsoft.extensions.caching.abstractions\8.0.0\lib\net8.0\Microsoft.Extensions.Caching.Abstractions.dll /reference:C:\Users\quint\.nuget\packages\microsoft.extensions.caching.memory\8.0.1\lib\net8.0\Microsoft.Extensions.Caching.Memory.dll /reference:C:\Users\quint\.nuget\packages\microsoft.extensions.configuration.abstractions\8.0.0\lib\net8.0\Microsoft.Extensions.Configuration.Abstractions.dll /reference:C:\Users\quint\.nuget\packages\microsoft.extensions.configuration.binder\8.0.2\lib\net8.0\Microsoft.Extensions.Configuration.Binder.dll /reference:C:\Users\quint\.nuget\packages\microsoft.extensions.configuration\8.0.0\lib\net8.0\Microsoft.Extensions.Configuration.dll /reference:C:\Users\quint\.nuget\packages\microsoft.extensions.configuration.fileextensions\8.0.0\lib\net8.0\Microsoft.Extensions.Configuration.FileExtensions.dll /reference:C:\Users\quint\.nuget\packages\microsoft.extensions.configuration.ini\8.0.0\lib\net8.0\Microsoft.Extensions.Configuration.Ini.dll /reference:C:\Users\quint\.nuget\packages\microsoft.extensions.configuration.json\8.0.0\lib\net8.0\Microsoft.Extensions.Configuration.Json.dll /reference:C:\Users\quint\.nuget\packages\microsoft.extensions.dependencyinjection.abstractions\8.0.2\lib\net8.0\Microsoft.Extensions.DependencyInjection.Abstractions.dll /reference:C:\Users\quint\.nuget\packages\microsoft.extensions.dependencyinjection\8.0.1\lib\net8.0\Microsoft.Extensions.DependencyInjection.dll /reference:C:\Users\quint\.nuget\packages\microsoft.extensions.dependencymodel\8.0.2\lib\net8.0\Microsoft.Extensions.DependencyModel.dll /reference:C:\Users\quint\.nuget\packages\microsoft.extensions.diagnostics.abstractions\8.0.0\lib\net8.0\Microsoft.Extensions.Diagnostics.Abstractions.dll /reference:C:\Users\quint\.nuget\packages\microsoft.extensions.diagnostics\8.0.0\lib\net8.0\Microsoft.Extensions.Diagnostics.dll /reference:C:\Users\quint\.nuget\packages\microsoft.extensions.fileproviders.abstractions\8.0.0\lib\net8.0\Microsoft.Extensions.FileProviders.Abstractions.dll /reference:C:\Users\quint\.nuget\packages\microsoft.extensions.fileproviders.physical\8.0.0\lib\net8.0\Microsoft.Extensions.FileProviders.Physical.dll /reference:C:\Users\quint\.nuget\packages\microsoft.extensions.filesystemglobbing\8.0.0\lib\net8.0\Microsoft.Extensions.FileSystemGlobbing.dll /reference:C:\Users\quint\.nuget\packages\microsoft.extensions.http\8.0.0\lib\net8.0\Microsoft.Extensions.Http.dll /reference:C:\Users\quint\.nuget\packages\microsoft.extensions.logging.abstractions\8.0.2\lib\net8.0\Microsoft.Extensions.Logging.Abstractions.dll /reference:C:\Users\quint\.nuget\packages\microsoft.extensions.logging.configuration\8.0.1\lib\net8.0\Microsoft.Extensions.Logging.Configuration.dll /reference:C:\Users\quint\.nuget\packages\microsoft.extensions.logging.console\8.0.1\lib\net8.0\Microsoft.Extensions.Logging.Console.dll /reference:C:\Users\quint\.nuget\packages\microsoft.extensions.logging\8.0.1\lib\net8.0\Microsoft.Extensions.Logging.dll /reference:C:\Users\quint\.nuget\packages\microsoft.extensions.options.configurationextensions\8.0.0\lib\net8.0\Microsoft.Extensions.Options.ConfigurationExtensions.dll /reference:C:\Users\quint\.nuget\packages\microsoft.extensions.options\8.0.2\lib\net8.0\Microsoft.Extensions.Options.dll /reference:C:\Users\quint\.nuget\packages\microsoft.extensions.primitives\8.0.0\lib\net8.0\Microsoft.Extensions.Primitives.dll /reference:"C:\Program Files\dotnet\packs\Microsoft.NETCore.App.Ref\10.0.1\ref\net10.0\Microsoft.VisualBasic.Core.dll" /reference:"C:\Program Files\dotnet\packs\Microsoft.NETCore.App.Ref\10.0.1\ref\net10.0\Microsoft.VisualBasic.dll" /reference:"C:\Program Files\dotnet\packs\Microsoft.NETCore.App.Ref\10.0.1\ref\net10.0\Microsoft.Win32.Primitives.dll" /reference:"C:\Program Files\dotnet\packs\Microsoft.NETCore.App.Ref\10.0.1\ref\net10.0\Microsoft.Win32.Registry.dll" /reference:"C:\Program Files\dotnet\packs\Microsoft.NETCore.App.Ref\10.0.1\ref\net10.0\mscorlib.dll" /reference:"C:\Program Files\dotnet\packs\Microsoft.NETCore.App.Ref\10.0.1\ref\net10.0\netstandard.dll" /reference:C:\Users\quint\.nuget\packages\newtonsoft.json\13.0.3\lib\net6.0\Newtonsoft.Json.dll /reference:C:\Users\quint\.nuget\packages\reactiveui\20.1.1\lib\net8.0\ReactiveUI.dll /reference:C:\Users\quint\.nuget\packages\serilog\4.0.0\lib\net8.0\Serilog.dll /reference:C:\Users\quint\.nuget\packages\serilog.enrichers.environment\3.0.1\lib\net8.0\Serilog.Enrichers.Environment.dll /reference:C:\Users\quint\.nuget\packages\serilog.enrichers.thread\4.0.0\lib\net8.0\Serilog.Enrichers.Thread.dll /reference:C:\Users\quint\.nuget\packages\serilog.extensions.logging\8.0.0\lib\net8.0\Serilog.Extensions.Logging.dll /reference:C:\Users\quint\.nuget\packages\serilog.formatting.compact\3.0.0\lib\net8.0\Serilog.Formatting.Compact.dll /reference:C:\Users\quint\.nuget\packages\serilog.settings.configuration\8.0.4\lib\net8.0\Serilog.Settings.Configuration.dll /reference:C:\Users\quint\.nuget\packages\serilog.sinks.console\6.0.0\lib\net8.0\Serilog.Sinks.Console.dll /reference:C:\Users\quint\.nuget\packages\serilog.sinks.file\6.0.0\lib\net8.0\Serilog.Sinks.File.dll /reference:C:\Users\quint\.nuget\packages\simple-avalonia-dragndrop-service\2.4.3\lib\net8.0\Simple-Avalonia-DragnDrop-Service.dll /reference:C:\Users\quint\.nuget\packages\skiasharp\2.88.9\lib\net6.0\SkiaSharp.dll /reference:C:\Users\quint\.nuget\packages\soulseek\8.5.0\lib\netstandard2.1\Soulseek.dll /reference:C:\Users\quint\.nuget\packages\splat\15.1.1\lib\net8.0\Splat.dll /reference:C:\Users\quint\.nuget\packages\spotifyapi.web.auth\7.2.1\lib\net8.0\SpotifyAPI.Web.Auth.dll /reference:C:\Users\quint\.nuget\packages\spotifyapi.web\7.2.1\lib\net8.0\SpotifyAPI.Web.dll /reference:C:\Users\quint\.nuget\packages\sqlitepclraw.bundle_e_sqlite3\2.1.6\lib\netstandard2.0\SQLitePCLRaw.batteries_v2.dll /reference:C:\Users\quint\.nuget\packages\sqlitepclraw.core\2.1.6\lib\netstandard2.0\SQLitePCLRaw.core.dll /reference:C:\Users\quint\.nuget\packages\sqlitepclraw.provider.e_sqlite3\2.1.6\lib\net6.0\SQLitePCLRaw.provider.e_sqlite3.dll /reference:C:\Users\quint\.nuget\packages\unosquare.swan.lite\3.1.0\lib\netstandard2.0\Swan.Lite.dll /reference:"C:\Program Files\dotnet\packs\Microsoft.NETCore.App.Ref\10.0.1\ref\net10.0\System.AppContext.dll" /reference:"C:\Program Files\dotnet\packs\Microsoft.NETCore.App.Ref\10.0.1\ref\net10.0\System.Buffers.dll" /reference:"C:\Program Files\dotnet\packs\Microsoft.NETCore.App.Ref\10.0.1\ref\net10.0\System.Collections.Concurrent.dll" /reference:"C:\Program Files\dotnet\packs\Microsoft.NETCore.App.Ref\10.0.1\ref\net10.0\System.Collections.dll" /reference:"C:\Program Files\dotnet\packs\Microsoft.NETCore.App.Ref\10.0.1\ref\net10.0\System.Collections.Immutable.dll" /reference:"C:\Program Files\dotnet\packs\Microsoft.NETCore.App.Ref\10.0.1\ref\net10.0\System.Collections.NonGeneric.dll" /reference:"C:\Program Files\dotnet\packs\Microsoft.NETCore.App.Ref\10.0.1\ref\net10.0\System.Collections.Specialized.dll" /reference:"C:\Program Files\dotnet\packs\Microsoft.NETCore.App.Ref\10.0.1\ref\net10.0\System.ComponentModel.Annotations.dll" /reference:"C:\Program Files\dotnet\packs\Microsoft.NETCore.App.Ref\10.0.1\ref\net10.0\System.ComponentModel.DataAnnotations.dll" /reference:"C:\Program Files\dotnet\packs\Microsoft.NETCore.App.Ref\10.0.1\ref\net10.0\System.ComponentModel.dll" /reference:"C:\Program Files\dotnet\packs\Microsoft.NETCore.App.Ref\10.0.1\ref\net10.0\System.ComponentModel.EventBasedAsync.dll" /reference:"C:\Program Files\dotnet\packs\Microsoft.NETCore.App.Ref\10.0.1\ref\net10.0\System.ComponentModel.Primitives.dll" /reference:"C:\Program Files\dotnet\packs\Microsoft.NETCore.App.Ref\10.0.1\ref\net10.0\System.ComponentModel.TypeConverter.dll" /reference:"C:\Program Files\dotnet\packs\Microsoft.NETCore.App.Ref\10.0.1\ref\net10.0\System.Configuration.dll" /reference:"C:\Program Files\dotnet\packs\Microsoft.NETCore.App.Ref\10.0.1\ref\net10.0\System.Console.dll" /reference:"C:\Program Files\dotnet\packs\Microsoft.NETCore.App.Ref\10.0.1\ref\net10.0\System.Core.dll" /reference:"C:\Program Files\dotnet\packs\Microsoft.NETCore.App.Ref\10.0.1\ref\net10.0\System.Data.Common.dll" /reference:"C:\Program Files\dotnet\packs\Microsoft.NETCore.App.Ref\10.0.1\ref\net10.0\System.Data.DataSetExtensions.dll" /reference:"C:\Program Files\dotnet\packs\Microsoft.NETCore.App.Ref\10.0.1\ref\net10.0\System.Data.dll" /reference:"C:\Program Files\dotnet\packs\Microsoft.NETCore.App.Ref\10.0.1\ref\net10.0\System.Diagnostics.Contracts.dll" /reference:"C:\Program Files\dotnet\packs\Microsoft.NETCore.App.Ref\10.0.1\ref\net10.0\System.Diagnostics.Debug.dll" /reference:"C:\Program Files\dotnet\packs\Microsoft.NETCore.App.Ref\10.0.1\ref\net10.0\System.Diagnostics.DiagnosticSource.dll" /reference:"C:\Program Files\dotnet\packs\Microsoft.NETCore.App.Ref\10.0.1\ref\net10.0\System.Diagnostics.FileVersionInfo.dll" /reference:"C:\Program Files\dotnet\packs\Microsoft.NETCore.App.Ref\10.0.1\ref\net10.0\System.Diagnostics.Process.dll" /reference:"C:\Program Files\dotnet\packs\Microsoft.NETCore.App.Ref\10.0.1\ref\net10.0\System.Diagnostics.StackTrace.dll" /reference:"C:\Program Files\dotnet\packs\Microsoft.NETCore.App.Ref\10.0.1\ref\net10.0\System.Diagnostics.TextWriterTraceListener.dll" /reference:"C:\Program Files\dotnet\packs\Microsoft.NETCore.App.Ref\10.0.1\ref\net10.0\System.Diagnostics.Tools.dll" /reference:"C:\Program Files\dotnet\packs\Microsoft.NETCore.App.Ref\10.0.1\ref\net10.0\System.Diagnostics.TraceSource.dll" /reference:"C:\Program Files\dotnet\packs\Microsoft.NETCore.App.Ref\10.0.1\ref\net10.0\System.Diagnostics.Tracing.dll" /reference:"C:\Program Files\dotnet\packs\Microsoft.NETCore.App.Ref\10.0.1\ref\net10.0\System.dll" /reference:"C:\Program Files\dotnet\packs\Microsoft.NETCore.App.Ref\10.0.1\ref\net10.0\System.Drawing.dll" /reference:"C:\Program Files\dotnet\packs\Microsoft.NETCore.App.Ref\10.0.1\ref\net10.0\System.Drawing.Primitives.dll" /reference:"C:\Program Files\dotnet\packs\Microsoft.NETCore.App.Ref\10.0.1\ref\net10.0\System.Dynamic.Runtime.dll" /reference:"C:\Program Files\dotnet\packs\Microsoft.NETCore.App.Ref\10.0.1\ref\net10.0\System.Formats.Asn1.dll" /reference:"C:\Program Files\dotnet\packs\Microsoft.NETCore.App.Ref\10.0.1\ref\net10.0\System.Formats.Tar.dll" /reference:"C:\Program Files\dotnet\packs\Microsoft.NETCore.App.Ref\10.0.1\ref\net10.0\System.Globalization.Calendars.dll" /reference:"C:\Program Files\dotnet\packs\Microsoft.NETCore.App.Ref\10.0.1\ref\net10.0\System.Globalization.dll" /reference:"C:\Program Files\dotnet\packs\Microsoft.NETCore.App.Ref\10.0.1\ref\net10.0\System.Globalization.Extensions.dll" /reference:"C:\Program Files\dotnet\packs\Microsoft.NETCore.App.Ref\10.0.1\ref\net10.0\System.IO.Compression.Brotli.dll" /reference:"C:\Program Files\dotnet\packs\Microsoft.NETCore.App.Ref\10.0.1\ref\net10.0\System.IO.Compression.dll" /reference:"C:\Program Files\dotnet\packs\Microsoft.NETCore.App.Ref\10.0.1\ref\net10.0\System.IO.Compression.FileSystem.dll" /reference:"C:\Program Files\dotnet\packs\Microsoft.NETCore.App.Ref\10.0.1\ref\net10.0\System.IO.Compression.ZipFile.dll" /reference:"C:\Program Files\dotnet\packs\Microsoft.NETCore.App.Ref\10.0.1\ref\net10.0\System.IO.dll" /reference:"C:\Program Files\dotnet\packs\Microsoft.NETCore.App.Ref\10.0.1\ref\net10.0\System.IO.FileSystem.AccessControl.dll" /reference:"C:\Program Files\dotnet\packs\Microsoft.NETCore.App.Ref\10.0.1\ref\net10.0\System.IO.FileSystem.dll" /reference:"C:\Program Files\dotnet\packs\Microsoft.NETCore.App.Ref\10.0.1\ref\net10.0\System.IO.FileSystem.DriveInfo.dll" /reference:"C:\Program Files\dotnet\packs\Microsoft.NETCore.App.Ref\10.0.1\ref\net10.0\System.IO.FileSystem.Primitives.dll" /reference:"C:\Program Files\dotnet\packs\Microsoft.NETCore.App.Ref\10.0.1\ref\net10.0\System.IO.FileSystem.Watcher.dll" /reference:"C:\Program Files\dotnet\packs\Microsoft.NETCore.App.Ref\10.0.1\ref\net10.0\System.IO.IsolatedStorage.dll" /reference:"C:\Program Files\dotnet\packs\Microsoft.NETCore.App.Ref\10.0.1\ref\net10.0\System.IO.MemoryMappedFiles.dll" /reference:"C:\Program Files\dotnet\packs\Microsoft.NETCore.App.Ref\10.0.1\ref\net10.0\System.IO.Pipelines.dll" /reference:"C:\Program Files\dotnet\packs\Microsoft.NETCore.App.Ref\10.0.1\ref\net10.0\System.IO.Pipes.AccessControl.dll" /reference:"C:\Program Files\dotnet\packs\Microsoft.NETCore.App.Ref\10.0.1\ref\net10.0\System.IO.Pipes.dll" /reference:"C:\Program Files\dotnet\packs\Microsoft.NETCore.App.Ref\10.0.1\ref\net10.0\System.IO.UnmanagedMemoryStream.dll" /reference:"C:\Program Files\dotnet\packs\Microsoft.NETCore.App.Ref\10.0.1\ref\net10.0\System.Linq.AsyncEnumerable.dll" /reference:"C:\Program Files\dotnet\packs\Microsoft.NETCore.App.Ref\10.0.1\ref\net10.0\System.Linq.dll" /reference:"C:\Program Files\dotnet\packs\Microsoft.NETCore.App.Ref\10.0.1\ref\net10.0\System.Linq.Expressions.dll" /reference:"C:\Program Files\dotnet\packs\Microsoft.NETCore.App.Ref\10.0.1\ref\net10.0\System.Linq.Parallel.dll" /reference:"C:\Program Files\dotnet\packs\Microsoft.NETCore.App.Ref\10.0.1\ref\net10.0\System.Linq.Queryable.dll" /reference:"C:\Program Files\dotnet\packs\Microsoft.NETCore.App.Ref\10.0.1\ref\net10.0\System.Memory.dll" /reference:"C:\Program Files\dotnet\packs\Microsoft.NETCore.App.Ref\10.0.1\ref\net10.0\System.Net.dll" /reference:"C:\Program Files\dotnet\packs\Microsoft.NETCore.App.Ref\10.0.1\ref\net10.0\System.Net.Http.dll" /reference:"C:\Program Files\dotnet\packs\Microsoft.NETCore.App.Ref\10.0.1\ref\net10.0\System.Net.Http.Json.dll" /reference:"C:\Program Files\dotnet\packs\Microsoft.NETCore.App.Ref\10.0.1\ref\net10.0\System.Net.HttpListener.dll" /reference:"C:\Program Files\dotnet\packs\Microsoft.NETCore.App.Ref\10.0.1\ref\net10.0\System.Net.Mail.dll" /reference:"C:\Program Files\dotnet\packs\Microsoft.NETCore.App.Ref\10.0.1\ref\net10.0\System.Net.NameResolution.dll" /reference:"C:\Program Files\dotnet\packs\Microsoft.NETCore.App.Ref\10.0.1\ref\net10.0\System.Net.NetworkInformation.dll" /reference:"C:\Program Files\dotnet\packs\Microsoft.NETCore.App.Ref\10.0.1\ref\net10.0\System.Net.Ping.dll" /reference:"C:\Program Files\dotnet\packs\Microsoft.NETCore.App.Ref\10.0.1\ref\net10.0\System.Net.Primitives.dll" /reference:"C:\Program Files\dotnet\packs\Microsoft.NETCore.App.Ref\10.0.1\ref\net10.0\System.Net.Quic.dll" /reference:"C:\Program Files\dotnet\packs\Microsoft.NETCore.App.Ref\10.0.1\ref\net10.0\System.Net.Requests.dll" /reference:"C:\Program Files\dotnet\packs\Microsoft.NETCore.App.Ref\10.0.1\ref\net10.0\System.Net.Security.dll" /reference:"C:\Program Files\dotnet\packs\Microsoft.NETCore.App.Ref\10.0.1\ref\net10.0\System.Net.ServerSentEvents.dll" /reference:"C:\Program Files\dotnet\packs\Microsoft.NETCore.App.Ref\10.0.1\ref\net10.0\System.Net.ServicePoint.dll" /reference:"C:\Program Files\dotnet\packs\Microsoft.NETCore.App.Ref\10.0.1\ref\net10.0\System.Net.Sockets.dll" /reference:"C:\Program Files\dotnet\packs\Microsoft.NETCore.App.Ref\10.0.1\ref\net10.0\System.Net.WebClient.dll" /reference:"C:\Program Files\dotnet\packs\Microsoft.NETCore.App.Ref\10.0.1\ref\net10.0\System.Net.WebHeaderCollection.dll" /reference:"C:\Program Files\dotnet\packs\Microsoft.NETCore.App.Ref\10.0.1\ref\net10.0\System.Net.WebProxy.dll" /reference:"C:\Program Files\dotnet\packs\Microsoft.NETCore.App.Ref\10.0.1\ref\net10.0\System.Net.WebSockets.Client.dll" /reference:"C:\Program Files\dotnet\packs\Microsoft.NETCore.App.Ref\10.0.1\ref\net10.0\System.Net.WebSockets.dll" /reference:"C:\Program Files\dotnet\packs\Microsoft.NETCore.App.Ref\10.0.1\ref\net10.0\System.Numerics.dll" /reference:"C:\Program Files\dotnet\packs\Microsoft.NETCore.App.Ref\10.0.1\ref\net10.0\System.Numerics.Vectors.dll" /reference:"C:\Program Files\dotnet\packs\Microsoft.NETCore.App.Ref\10.0.1\ref\net10.0\System.ObjectModel.dll" /reference:C:\Users\quint\.nuget\packages\system.reactive\6.1.0\lib\net6.0\System.Reactive.dll /reference:"C:\Program Files\dotnet\packs\Microsoft.NETCore.App.Ref\10.0.1\ref\net10.0\System.Reflection.DispatchProxy.dll" /reference:"C:\Program Files\dotnet\packs\Microsoft.NETCore.App.Ref\10.0.1\ref\net10.0\System.Reflection.dll" /reference:"C:\Program Files\dotnet\packs\Microsoft.NETCore.App.Ref\10.0.1\ref\net10.0\System.Reflection.Emit.dll" /reference:"C:\Program Files\dotnet\packs\Microsoft.NETCore.App.Ref\10.0.1\ref\net10.0\System.Reflection.Emit.ILGeneration.dll" /reference:"C:\Program Files\dotnet\packs\Microsoft.NETCore.App.Ref\10.0.1\ref\net10.0\System.Reflection.Emit.Lightweight.dll" /reference:"C:\Program Files\dotnet\packs\Microsoft.NETCore.App.Ref\10.0.1\ref\net10.0\System.Reflection.Extensions.dll" /reference:"C:\Program Files\dotnet\packs\Microsoft.NETCore.App.Ref\10.0.1\ref\net10.0\System.Reflection.Metadata.dll" /reference:"C:\Program Files\dotnet\packs\Microsoft.NETCore.App.Ref\10.0.1\ref\net10.0\System.Reflection.Primitives.dll" /reference:"C:\Program Files\dotnet\packs\Microsoft.NETCore.App.Ref\10.0.1\ref\net10.0\System.Reflection.TypeExtensions.dll" /reference:"C:\Program Files\dotnet\packs\Microsoft.NETCore.App.Ref\10.0.1\ref\net10.0\System.Resources.Reader.dll" /reference:"C:\Program Files\dotnet\packs\Microsoft.NETCore.App.Ref\10.0.1\ref\net10.0\System.Resources.ResourceManager.dll" /reference:"C:\Program Files\dotnet\packs\Microsoft.NETCore.App.Ref\10.0.1\ref\net10.0\System.Resources.Writer.dll" /reference:"C:\Program Files\dotnet\packs\Microsoft.NETCore.App.Ref\10.0.1\ref\net10.0\System.Runtime.CompilerServices.Unsafe.dll" /reference:"C:\Program Files\dotnet\packs\Microsoft.NETCore.App.Ref\10.0.1\ref\net10.0\System.Runtime.CompilerServices.VisualC.dll" /reference:"C:\Program Files\dotnet\packs\Microsoft.NETCore.App.Ref\10.0.1\ref\net10.0\System.Runtime.dll" /reference:"C:\Program Files\dotnet\packs\Microsoft.NETCore.App.Ref\10.0.1\ref\net10.0\System.Runtime.Extensions.dll" /reference:"C:\Program Files\dotnet\packs\Microsoft.NETCore.App.Ref\10.0.1\ref\net10.0\System.Runtime.Handles.dll" /reference:"C:\Program Files\dotnet\packs\Microsoft.NETCore.App.Ref\10.0.1\ref\net10.0\System.Runtime.InteropServices.dll" /reference:"C:\Program Files\dotnet\packs\Microsoft.NETCore.App.Ref\10.0.1\ref\net10.0\System.Runtime.InteropServices.JavaScript.dll" /reference:"C:\Program Files\dotnet\packs\Microsoft.NETCore.App.Ref\10.0.1\ref\net10.0\System.Runtime.InteropServices.RuntimeInformation.dll" /reference:"C:\Program Files\dotnet\packs\Microsoft.NETCore.App.Ref\10.0.1\ref\net10.0\System.Runtime.Intrinsics.dll" /reference:"C:\Program Files\dotnet\packs\Microsoft.NETCore.App.Ref\10.0.1\ref\net10.0\System.Runtime.Loader.dll" /reference:"C:\Program Files\dotnet\packs\Microsoft.NETCore.App.Ref\10.0.1\ref\net10.0\System.Runtime.Numerics.dll" /reference:"C:\Program Files\dotnet\packs\Microsoft.NETCore.App.Ref\10.0.1\ref\net10.0\System.Runtime.Serialization.dll" /reference:"C:\Program Files\dotnet\packs\Microsoft.NETCore.App.Ref\10.0.1\ref\net10.0\System.Runtime.Serialization.Formatters.dll" /reference:"C:\Program Files\dotnet\packs\Microsoft.NETCore.App.Ref\10.0.1\ref\net10.0\System.Runtime.Serialization.Json.dll" /reference:"C:\Program Files\dotnet\packs\Microsoft.NETCore.App.Ref\10.0.1\ref\net10.0\System.Runtime.Serialization.Primitives.dll" /reference:"C:\Program Files\dotnet\packs\Microsoft.NETCore.App.Ref\10.0.1\ref\net10.0\System.Runtime.Serialization.Xml.dll" /reference:"C:\Program Files\dotnet\packs\Microsoft.NETCore.App.Ref\10.0.1\ref\net10.0\System.Security.AccessControl.dll" /reference:"C:\Program Files\dotnet\packs\Microsoft.NETCore.App.Ref\10.0.1\ref\net10.0\System.Security.Claims.dll" /reference:"C:\Program Files\dotnet\packs\Microsoft.NETCore.App.Ref\10.0.1\ref\net10.0\System.Security.Cryptography.Algorithms.dll" /reference:"C:\Program Files\dotnet\packs\Microsoft.NETCore.App.Ref\10.0.1\ref\net10.0\System.Security.Cryptography.Cng.dll" /reference:"C:\Program Files\dotnet\packs\Microsoft.NETCore.App.Ref\10.0.1\ref\net10.0\System.Security.Cryptography.Csp.dll" /reference:"C:\Program Files\dotnet\packs\Microsoft.NETCore.App.Ref\10.0.1\ref\net10.0\System.Security.Cryptography.dll" /reference:"C:\Program Files\dotnet\packs\Microsoft.NETCore.App.Ref\10.0.1\ref\net10.0\System.Security.Cryptography.Encoding.dll" /reference:"C:\Program Files\dotnet\packs\Microsoft.NETCore.App.Ref\10.0.1\ref\net10.0\System.Security.Cryptography.OpenSsl.dll" /reference:"C:\Program Files\dotnet\packs\Microsoft.NETCore.App.Ref\10.0.1\ref\net10.0\System.Security.Cryptography.Primitives.dll" /reference:C:\Users\quint\.nuget\packages\system.security.cryptography.protecteddata\8.0.0\lib\net8.0\System.Security.Cryptography.ProtectedData.dll /reference:"C:\Program Files\dotnet\packs\Microsoft.NETCore.App.Ref\10.0.1\ref\net10.0\System.Security.Cryptography.X509Certificates.dll" /reference:"C:\Program Files\dotnet\packs\Microsoft.NETCore.App.Ref\10.0.1\ref\net10.0\System.Security.dll" /reference:"C:\Program Files\dotnet\packs\Microsoft.NETCore.App.Ref\10.0.1\ref\net10.0\System.Security.Principal.dll" /reference:"C:\Program Files\dotnet\packs\Microsoft.NETCore.App.Ref\10.0.1\ref\net10.0\System.Security.Principal.Windows.dll" /reference:"C:\Program Files\dotnet\packs\Microsoft.NETCore.App.Ref\10.0.1\ref\net10.0\System.Security.SecureString.dll" /reference:"C:\Program Files\dotnet\packs\Microsoft.NETCore.App.Ref\10.0.1\ref\net10.0\System.ServiceModel.Web.dll" /reference:"C:\Program Files\dotnet\packs\Microsoft.NETCore.App.Ref\10.0.1\ref\net10.0\System.ServiceProcess.dll" /reference:"C:\Program Files\dotnet\packs\Microsoft.NETCore.App.Ref\10.0.1\ref\net10.0\System.Text.Encoding.CodePages.dll" /reference:"C:\Program Files\dotnet\packs\Microsoft.NETCore.App.Ref\10.0.1\ref\net10.0\System.Text.Encoding.dll" /reference:"C:\Program Files\dotnet\packs\Microsoft.NETCore.App.Ref\10.0.1\ref\net10.0\System.Text.Encoding.Extensions.dll" /reference:"C:\Program Files\dotnet\packs\Microsoft.NETCore.App.Ref\10.0.1\ref\net10.0\System.Text.Encodings.Web.dll" /reference:"C:\Program Files\dotnet\packs\Microsoft.NETCore.App.Ref\10.0.1\ref\net10.0\System.Text.Json.dll" /reference:"C:\Program Files\dotnet\packs\Microsoft.NETCore.App.Ref\10.0.1\ref\net10.0\System.Text.RegularExpressions.dll" /reference:"C:\Program Files\dotnet\packs\Microsoft.NETCore.App.Ref\10.0.1\ref\net10.0\System.Threading.AccessControl.dll" /reference:"C:\Program Files\dotnet\packs\Microsoft.NETCore.App.Ref\10.0.1\ref\net10.0\System.Threading.Channels.dll" /reference:"C:\Program Files\dotnet\packs\Microsoft.NETCore.App.Ref\10.0.1\ref\net10.0\System.Threading.dll" /reference:"C:\Program Files\dotnet\packs\Microsoft.NETCore.App.Ref\10.0.1\ref\net10.0\System.Threading.Overlapped.dll" /reference:"C:\Program Files\dotnet\packs\Microsoft.NETCore.App.Ref\10.0.1\ref\net10.0\System.Threading.Tasks.Dataflow.dll" /reference:"C:\Program Files\dotnet\packs\Microsoft.NETCore.App.Ref\10.0.1\ref\net10.0\System.Threading.Tasks.dll" /reference:"C:\Program Files\dotnet\packs\Microsoft.NETCore.App.Ref\10.0.1\ref\net10.0\System.Threading.Tasks.Extensions.dll" /reference:"C:\Program Files\dotnet\packs\Microsoft.NETCore.App.Ref\10.0.1\ref\net10.0\System.Threading.Tasks.Parallel.dll" /reference:"C:\Program Files\dotnet\packs\Microsoft.NETCore.App.Ref\10.0.1\ref\net10.0\System.Threading.Thread.dll" /reference:"C:\Program Files\dotnet\packs\Microsoft.NETCore.App.Ref\10.0.1\ref\net10.0\System.Threading.ThreadPool.dll" /reference:"C:\Program Files\dotnet\packs\Microsoft.NETCore.App.Ref\10.0.1\ref\net10.0\System.Threading.Timer.dll" /reference:"C:\Program Files\dotnet\packs\Microsoft.NETCore.App.Ref\10.0.1\ref\net10.0\System.Transactions.dll" /reference:"C:\Program Files\dotnet\packs\Microsoft.NETCore.App.Ref\10.0.1\ref\net10.0\System.Transactions.Local.dll" /reference:"C:\Program Files\dotnet\packs\Microsoft.NETCore.App.Ref\10.0.1\ref\net10.0\System.ValueTuple.dll" /reference:"C:\Program Files\dotnet\packs\Microsoft.NETCore.App.Ref\10.0.1\ref\net10.0\System.Web.dll" /reference:"C:\Program Files\dotnet\packs\Microsoft.NETCore.App.Ref\10.0.1\ref\net10.0\System.Web.HttpUtility.dll" /reference:"C:\Program Files\dotnet\packs\Microsoft.NETCore.App.Ref\10.0.1\ref\net10.0\System.Windows.dll" /reference:"C:\Program Files\dotnet\packs\Microsoft.NETCore.App.Ref\10.0.1\ref\net10.0\System.Xml.dll" /reference:"C:\Program Files\dotnet\packs\Microsoft.NETCore.App.Ref\10.0.1\ref\net10.0\System.Xml.Linq.dll" /reference:"C:\Program Files\dotnet\packs\Microsoft.NETCore.App.Ref\10.0.1\ref\net10.0\System.Xml.ReaderWriter.dll" /reference:"C:\Program Files\dotnet\packs\Microsoft.NETCore.App.Ref\10.0.1\ref\net10.0\System.Xml.Serialization.dll" /reference:"C:\Program Files\dotnet\packs\Microsoft.NETCore.App.Ref\10.0.1\ref\net10.0\System.Xml.XDocument.dll" /reference:"C:\Program Files\dotnet\packs\Microsoft.NETCore.App.Ref\10.0.1\ref\net10.0\System.Xml.XmlDocument.dll" /reference:"C:\Program Files\dotnet\packs\Microsoft.NETCore.App.Ref\10.0.1\ref\net10.0\System.Xml.XmlSerializer.dll" /reference:"C:\Program Files\dotnet\packs\Microsoft.NETCore.App.Ref\10.0.1\ref\net10.0\System.Xml.XPath.dll" /reference:"C:\Program Files\dotnet\packs\Microsoft.NETCore.App.Ref\10.0.1\ref\net10.0\System.Xml.XPath.XDocument.dll" /reference:C:\Users\quint\.nuget\packages\taglibsharp\2.3.0\lib\netstandard2.0\TagLibSharp.dll /reference:C:\Users\quint\.nuget\packages\tmds.dbus.protocol\0.20.0\lib\net8.0\Tmds.DBus.Protocol.dll /reference:"C:\Program Files\dotnet\packs\Microsoft.NETCore.App.Ref\10.0.1\ref\net10.0\WindowsBase.dll" /reference:C:\Users\quint\.nuget\packages\xabe.ffmpeg\5.2.6\lib\netstandard2.0\Xabe.FFmpeg.dll /features:"InterceptorsNamespaces=;Microsoft.Extensions.Validation.Generated" /debug+ /debug:portable /filealign:512 /optimize- /out:obj\Debug\net10.0\SLSKDONET.dll /refout:obj\Debug\net10.0\refint\SLSKDONET.dll /resource:obj\Debug\net10.0\/Avalonia/resources,"!AvaloniaResources" /target:exe /warnaserror- /utf8output /deterministic+ /sourcelink:obj\Debug\net10.0\SLSKDONET.sourcelink.json /langversion:14.0 /embed:obj\Debug\net10.0\SLSKDONET.GlobalUsings.g.cs /embed:"obj\Debug\net10.0\.NETCoreApp,Version=v10.0.AssemblyAttributes.cs" /embed:obj\Debug\net10.0\SLSKDONET.AssemblyInfo.cs /analyzerconfig:obj\Debug\net10.0\SLSKDONET.GeneratedMSBuildEditorConfig.editorconfig /analyzerconfig:"C:\Program Files\dotnet\sdk\10.0.101\Sdks\Microsoft.NET.Sdk\analyzers\build\config\analysislevel_10_default.globalconfig" /analyzer:"C:\Program Files\dotnet\sdk\10.0.101\Sdks\Microsoft.NET.Sdk\targets\..\analyzers\Microsoft.CodeAnalysis.CSharp.NetAnalyzers.dll" /analyzer:"C:\Program Files\dotnet\sdk\10.0.101\Sdks\Microsoft.NET.Sdk\targets\..\analyzers\Microsoft.CodeAnalysis.NetAnalyzers.dll" /analyzer:C:\Users\quint\.nuget\packages\avalonia\11.2.2\analyzers\dotnet\cs\Avalonia.Analyzers.dll /analyzer:C:\Users\quint\.nuget\packages\avalonia\11.2.2\analyzers\dotnet\cs\Avalonia.Generators.dll /analyzer:C:\Users\quint\.nuget\packages\microsoft.codeanalysis.analyzers\3.3.3\analyzers\dotnet\cs\Microsoft.CodeAnalysis.Analyzers.dll /analyzer:C:\Users\quint\.nuget\packages\microsoft.codeanalysis.analyzers\3.3.3\analyzers\dotnet\cs\Microsoft.CodeAnalysis.CSharp.Analyzers.dll /analyzer:C:\Users\quint\.nuget\packages\microsoft.entityframeworkcore.analyzers\8.0.22\analyzers\dotnet\cs\Microsoft.EntityFrameworkCore.Analyzers.dll /analyzer:C:\Users\quint\.nuget\packages\microsoft.extensions.logging.abstractions\8.0.2\analyzers\dotnet\roslyn4.4\cs\Microsoft.Extensions.Logging.Generators.dll /analyzer:C:\Users\quint\.nuget\packages\microsoft.extensions.options\8.0.2\analyzers\dotnet\roslyn4.4\cs\Microsoft.Extensions.Options.SourceGeneration.dll /analyzer:"C:\Program Files\dotnet\packs\Microsoft.NETCore.App.Ref\10.0.1\analyzers/dotnet/cs/Microsoft.Interop.ComInterfaceGenerator.dll" /analyzer:"C:\Program Files\dotnet\packs\Microsoft.NETCore.App.Ref\10.0.1\analyzers/dotnet/cs/Microsoft.Interop.JavaScript.JSImportGenerator.dll" /analyzer:"C:\Program Files\dotnet\packs\Microsoft.NETCore.App.Ref\10.0.1\analyzers/dotnet/cs/Microsoft.Interop.LibraryImportGenerator.dll" /analyzer:"C:\Program Files\dotnet\packs\Microsoft.NETCore.App.Ref\10.0.1\analyzers/dotnet/cs/Microsoft.Interop.SourceGeneration.dll" /analyzer:"C:\Program Files\dotnet\packs\Microsoft.NETCore.App.Ref\10.0.1\analyzers/dotnet/cs/System.Text.Json.SourceGeneration.dll" /analyzer:"C:\Program Files\dotnet\packs\Microsoft.NETCore.App.Ref\10.0.1\analyzers/dotnet/cs/System.Text.RegularExpressions.Generator.dll" /additionalfile:App.axaml /additionalfile:Themes\AvaloniaTheme.axaml /additionalfile:Views\Avalonia\Controls\AlbumCard.axaml /additionalfile:Views\Avalonia\Controls\CompactPlaylistTemplate.axaml /additionalfile:Views\Avalonia\Controls\ConfirmationDialog.axaml /additionalfile:Views\Avalonia\Controls\QueuePanel.axaml /additionalfile:Views\Avalonia\Controls\SpotifyImportControl.axaml /additionalfile:Views\Avalonia\Controls\StarRatingControl.axaml /additionalfile:Views\Avalonia\DownloadsPage.axaml /additionalfile:Views\Avalonia\HomePage.axaml /additionalfile:Views\Avalonia\ImportPage.axaml /additionalfile:Views\Avalonia\ImportPreviewPage.axaml /additionalfile:Views\Avalonia\InspectorPage.axaml /additionalfile:Views\Avalonia\LibraryPage.axaml /additionalfile:Views\Avalonia\MainWindow.axaml /additionalfile:Views\Avalonia\NowPlayingPage.axaml /additionalfile:Views\Avalonia\PlayerControl.axaml /additionalfile:Views\Avalonia\QueuePanel.axaml /additionalfile:Views\Avalonia\SearchPage.axaml /additionalfile:Views\Avalonia\SettingsPage.axaml /additionalfile:Views\Avalonia\TrackInspectorView.axaml /additionalfile:Views\Avalonia\UpgradeScoutView.axaml App.axaml.cs Configuration\AppConfig.cs Configuration\ConfigManager.cs Configuration\ScoringConstants.cs Configuration\ScoringWeights.cs Data\AppDbContext.cs Data\Entities\SpotifyMetadataCacheEntity.cs Data\LibraryHealthEntity.cs Data\PlaylistActivityLogEntity.cs Data\QueueItemEntity.cs Data\TrackEntity.cs Events\TrackEvents.cs Migrations\20251217102647_Phase0_MusicalIntelligence.cs Migrations\20251217102647_Phase0_MusicalIntelligence.Designer.cs Migrations\20251221135430_AddSpotifyMetadata.cs Migrations\20251221135430_AddSpotifyMetadata.Designer.cs Migrations\20251222123214_AddHydrationFields.cs Migrations\20251222123214_AddHydrationFields.Designer.cs Migrations\20251222185449_AddDownloadPauseFields.cs Migrations\20251222185449_AddDownloadPauseFields.Designer.cs Migrations\AppDbContextModelSnapshot.cs Models\ColumnDefinition.cs Models\DownloadJob.cs Models\Events.cs Models\FileCondition.cs Models\ImportDownloadStats.cs Models\ImportResult.cs Models\LibraryEntry.cs Models\OrchestratedQueryProgress.cs Models\PageType.cs Models\PlaylistJob.cs Models\PlaylistTrack.cs Models\ProjectEventArgs.cs Models\ScoringContext.cs Models\SearchEnums.cs Models\SearchQuery.cs Models\SmartPlaylist.cs Models\Track.cs Program.cs Services\ArtworkCacheService.cs Services\ArtworkPipeline.cs Services\AudioPlayerService.cs Services\AvaloniaNavigationService.cs Services\ClipboardService.cs Services\CrashRecoveryJournal.cs Services\CrashRecoveryService.cs Services\DashboardService.cs Services\DatabaseService.cs Services\DialogService.cs Services\DownloadDiscoveryService.cs Services\DownloadManager.cs Services\DownloadOrchestrationService.cs Services\DragAdornerService.cs Services\DragContext.cs Services\EventBusService.cs Services\FileInteractionService.cs Services\FileNameFormatter.cs Services\FilePathResolverService.cs Services\IAudioPlayerService.cs Services\IClipboardService.cs Services\IDialogService.cs Services\IFileInteractionService.cs Services\IFilePathResolverService.cs Services\IImportProvider.cs Services\ILibraryService.cs Services\ImportOrchestrator.cs Services\ImportProviders\CsvImportProvider.cs Services\ImportProviders\SpotifyImportProvider.cs Services\ImportProviders\SpotifyLikedSongsImportProvider.cs Services\ImportProviders\TracklistImportProvider.cs Services\InputDialog.xaml.cs Services\InputParsers\InputSources.cs Services\InputParsers\SpotifyInputSource.cs Services\InputParsers\SpotifyScraperInputSource.cs Services\IO\FileVerificationHelper.cs Services\IO\IFileWriteService.cs Services\IO\SafeWriteService.cs Services\ISecureTokenStorage.cs Services\ISoulseekAdapter.cs Services\ISpotifyMetadataService.cs Services\ITaggerService.cs Services\IUserInputService.cs Services\LibraryActions\DeletePlaylistAction.cs Services\LibraryActions\ILibraryAction.cs Services\LibraryActions\LibraryActionProvider.cs Services\LibraryActions\LibraryContext.cs Services\LibraryActions\OpenFolderAction.cs Services\LibraryActions\RemoveFromPlaylistAction.cs Services\LibraryCacheService.cs Services\LibraryEnrichmentWorker.cs Services\LibraryOrganizationService.cs Services\LibraryService.cs Services\LibraryUpgradeScout.cs Services\MetadataEnrichmentOrchestrator.cs Services\MetadataService.cs Services\MetadataTaggerService.cs Services\Models\DownloadContext.cs Services\Models\IndexAuditReport.cs Services\Models\TrackEnrichmentResult.cs Services\NotificationServiceAdapter.cs Services\PathProviderService.cs Services\Platform\LinuxTokenStorage.cs Services\Platform\MacOSTokenStorage.cs Services\Platform\WindowsTokenStorage.cs Services\ProtectedDataService.cs Services\Ranking\BalancedStrategy.cs Services\Ranking\DJModeStrategy.cs Services\Ranking\ISortingStrategy.cs Services\Ranking\QualityFirstStrategy.cs Services\RekordboxXmlExporter.cs Services\ResultSorter.cs Services\SearchOrchestrationService.cs Services\SearchResultMatcher.cs Services\SecureTokenStorageFactory.cs Services\SonicIntegrityService.cs Services\SoulseekAdapter.cs Services\SoulseekCredentialService.cs Services\SpotifyAuthService.cs Services\SpotifyBatchClient.cs Services\SpotifyBulkFetcher.cs Services\SpotifyEnrichmentService.cs Services\SpotifyMetadataService.cs Services\Tagging\IAudioTagger.cs Services\Tagging\Id3Tagger.cs Services\Tagging\M4ATagger.cs Services\Tagging\TaggerFactory.cs Services\Tagging\VorbisTagger.cs Services\UserInputService.cs Utils\CommentTracklistParser.cs Utils\FileFormattingUtils.cs Utils\FilenameNormalizer.cs Utils\GuidGenerator.cs Utils\StringDistanceUtils.cs Utils\ValidationUtils.cs ViewModels\AlbumResultViewModel.cs ViewModels\ConnectionViewModel.cs ViewModels\Downloads\DownloadCenterViewModel.cs ViewModels\Downloads\DownloadItemViewModel.cs ViewModels\HomeViewModel.cs ViewModels\ImportHistoryViewModel.cs ViewModels\ImportPreviewViewModel.cs ViewModels\LibraryViewModel.cs ViewModels\Library\AlbumNode.cs ViewModels\Library\HierarchicalLibraryViewModel.cs ViewModels\Library\ILibraryNode.cs ViewModels\Library\ProjectListViewModel.cs ViewModels\Library\SmartPlaylistViewModel.cs ViewModels\Library\TrackListViewModel.cs ViewModels\Library\TrackOperationsViewModel.cs ViewModels\PlayerDockLocation.cs ViewModels\PlayerViewModel.cs ViewModels\PlaylistTrackViewModel.cs ViewModels\RepeatMode.cs ViewModels\SearchResult.cs ViewModels\SearchViewModel.cs ViewModels\SelectableTrack.cs ViewModels\SettingsViewModel.cs ViewModels\SpotifyImportViewModel.cs ViewModels\TrackInspectorViewModel.cs ViewModels\UpgradeCandidateViewModel.cs ViewModels\UpgradeScoutViewModel.cs Views\AsyncRelayCommand.cs Views\Avalonia\Controls\AlbumCard.axaml.cs Views\Avalonia\Controls\CompactPlaylistTemplate.axaml.cs Views\Avalonia\Controls\ConfirmationDialog.axaml.cs Views\Avalonia\Controls\QueuePanel.axaml.cs Views\Avalonia\Controls\SpotifyImportControl.axaml.cs Views\Avalonia\Controls\StarRatingControl.axaml.cs Views\Avalonia\Converters\BitmapValueConverter.cs Views\Avalonia\Converters\BooleanConverters.cs Views\Avalonia\Converters\BoolToColorConverter.cs Views\Avalonia\Converters\BoolToFontWeightConverter.cs Views\Avalonia\Converters\LikeConverters.cs Views\Avalonia\Converters\PlayerDockIconConverter.cs Views\Avalonia\Converters\PlayerLocationConverter.cs Views\Avalonia\Converters\RankingConverters.cs Views\Avalonia\Converters\RepeatModeColorConverter.cs Views\Avalonia\Converters\TrackStateConverters.cs Views\Avalonia\Converters\UtilityConverters.cs Views\Avalonia\Converters\WidthToVisibilityConverter.cs Views\Avalonia\DownloadsPage.axaml.cs Views\Avalonia\HomePage.axaml.cs Views\Avalonia\ImportPage.axaml.cs Views\Avalonia\ImportPreviewPage.axaml.cs Views\Avalonia\InspectorPage.axaml.cs Views\Avalonia\LibraryPage.axaml.cs Views\Avalonia\MainWindow.axaml.cs Views\Avalonia\NowPlayingPage.axaml.cs Views\Avalonia\PlayerControl.axaml.cs Views\Avalonia\QueuePanel.axaml.cs Views\Avalonia\SearchPage.axaml.cs Views\Avalonia\SettingsPage.axaml.cs Views\Avalonia\TrackInspectorView.axaml.cs Views\Avalonia\UpgradeScoutView.axaml.cs Views\Converters\AlbumArtConverter.cs Views\DownloadLogService.cs Views\INotificationServiceAvalonia.cs Views\MainViewModel.cs Views\RelayCommand.cs obj\Debug\net10.0\SLSKDONET.GlobalUsings.g.cs "obj\Debug\net10.0\.NETCoreApp,Version=v10.0.AssemblyAttributes.cs" obj\Debug\net10.0\SLSKDONET.AssemblyInfo.cs /warnaserror+:NU1605,SYSLIB0011'
         Attempt to open named pipe 'UYxarvSiFrHI2Tg5LtU61RWrt7uB4RtILz++si1fcJ8'
         Attempt to connect named pipe 'UYxarvSiFrHI2Tg5LtU61RWrt7uB4RtILz++si1fcJ8'
         Named pipe 'UYxarvSiFrHI2Tg5LtU61RWrt7uB4RtILz++si1fcJ8' connected
         Begin writing request for SLSKDONET (net10.0)
         End writing request for SLSKDONET (net10.0)
         Begin reading response for SLSKDONET (net10.0)
         End reading response for SLSKDONET (net10.0)
     3>C:\Users\quint\OneDrive\Documenten\GitHub\QMUSICSLSK\ViewModels\HomeViewModel.cs(149,35): error CS1061: 'LibraryHealthEntity' does not contain a definition for 'HealthScore' and no accessible extension method 'HealthScore' accepting a first argument of type 'LibraryHealthEntity' could be found (are you missing a using directive or an assembly reference?) [C:\Users\quint\OneDrive\Documenten\GitHub\QMUSICSLSK\SLSKDONET.csproj]
     3>C:\Users\quint\OneDrive\Documenten\GitHub\QMUSICSLSK\ViewModels\HomeViewModel.cs(150,35): error CS1061: 'LibraryHealthEntity' does not contain a definition for 'HealthStatus' and no accessible extension method 'HealthStatus' accepting a first argument of type 'LibraryHealthEntity' could be found (are you missing a using directive or an assembly reference?) [C:\Users\quint\OneDrive\Documenten\GitHub\QMUSICSLSK\SLSKDONET.csproj]
     3>C:\Users\quint\OneDrive\Documenten\GitHub\QMUSICSLSK\ViewModels\HomeViewModel.cs(151,35): error CS1061: 'LibraryHealthEntity' does not contain a definition for 'IssuesCount' and no accessible extension method 'IssuesCount' accepting a first argument of type 'LibraryHealthEntity' could be found (are you missing a using directive or an assembly reference?) [C:\Users\quint\OneDrive\Documenten\GitHub\QMUSICSLSK\SLSKDONET.csproj]
     3>C:\Users\quint\OneDrive\Documenten\GitHub\QMUSICSLSK\ViewModels\HomeViewModel.cs(157,35): error CS1061: 'LibraryHealthEntity' does not contain a definition for 'HealthStatus' and no accessible extension method 'HealthStatus' accepting a first argument of type 'LibraryHealthEntity' could be found (are you missing a using directive or an assembly reference?) [C:\Users\quint\OneDrive\Documenten\GitHub\QMUSICSLSK\SLSKDONET.csproj]
     3>C:\Users\quint\OneDrive\Documenten\GitHub\QMUSICSLSK\ViewModels\Library\TrackListViewModel.cs(222,9): warning CS8602: Dereference of a possibly null reference. [C:\Users\quint\OneDrive\Documenten\GitHub\QMUSICSLSK\SLSKDONET.csproj]
     3>C:\Users\quint\OneDrive\Documenten\GitHub\QMUSICSLSK\Services\DashboardService.cs(55,93): warning CS8602: Dereference of a possibly null reference. [C:\Users\quint\OneDrive\Documenten\GitHub\QMUSICSLSK\SLSKDONET.csproj]
     3>C:\Users\quint\OneDrive\Documenten\GitHub\QMUSICSLSK\ViewModels\Library\TrackListViewModel.cs(406,21): warning CS8602: Dereference of a possibly null reference. [C:\Users\quint\OneDrive\Documenten\GitHub\QMUSICSLSK\SLSKDONET.csproj]
     3>C:\Users\quint\OneDrive\Documenten\GitHub\QMUSICSLSK\ViewModels\Library\TrackListViewModel.cs(414,30): warning CS8602: Dereference of a possibly null reference. [C:\Users\quint\OneDrive\Documenten\GitHub\QMUSICSLSK\SLSKDONET.csproj]
     3>C:\Users\quint\OneDrive\Documenten\GitHub\QMUSICSLSK\ViewModels\Library\HierarchicalLibraryViewModel.cs(156,174): warning CS8604: Possible null reference argument for parameter 's' in 'IBrush Brush.Parse(string s)'. [C:\Users\quint\OneDrive\Documenten\GitHub\QMUSICSLSK\SLSKDONET.csproj]
     3>C:\Users\quint\OneDrive\Documenten\GitHub\QMUSICSLSK\ViewModels\Library\HierarchicalLibraryViewModel.cs(174,188): warning CS8604: Possible null reference argument for parameter 's' in 'IBrush Brush.Parse(string s)'. [C:\Users\quint\OneDrive\Documenten\GitHub\QMUSICSLSK\SLSKDONET.csproj]
     3>C:\Users\quint\OneDrive\Documenten\GitHub\QMUSICSLSK\ViewModels\Library\TrackListViewModel.cs(430,34): warning CS8602: Dereference of a possibly null reference. [C:\Users\quint\OneDrive\Documenten\GitHub\QMUSICSLSK\SLSKDONET.csproj]
     3>C:\Users\quint\OneDrive\Documenten\GitHub\QMUSICSLSK\Services\LibraryEnrichmentWorker.cs(67,56): warning CS8602: Dereference of a possibly null reference. [C:\Users\quint\OneDrive\Documenten\GitHub\QMUSICSLSK\SLSKDONET.csproj]
     3>C:\Users\quint\OneDrive\Documenten\GitHub\QMUSICSLSK\ViewModels\Library\TrackListViewModel.cs(519,30): warning CS8602: Dereference of a possibly null reference. [C:\Users\quint\OneDrive\Documenten\GitHub\QMUSICSLSK\SLSKDONET.csproj]
     3>C:\Users\quint\OneDrive\Documenten\GitHub\QMUSICSLSK\ViewModels\Library\TrackListViewModel.cs(539,30): warning CS8602: Dereference of a possibly null reference. [C:\Users\quint\OneDrive\Documenten\GitHub\QMUSICSLSK\SLSKDONET.csproj]
     3>C:\Users\quint\OneDrive\Documenten\GitHub\QMUSICSLSK\Services\LibraryEnrichmentWorker.cs(112,21): warning CS8602: Dereference of a possibly null reference. [C:\Users\quint\OneDrive\Documenten\GitHub\QMUSICSLSK\SLSKDONET.csproj]
     3>C:\Users\quint\OneDrive\Documenten\GitHub\QMUSICSLSK\ViewModels\Library\TrackListViewModel.cs(556,30): warning CS8602: Dereference of a possibly null reference. [C:\Users\quint\OneDrive\Documenten\GitHub\QMUSICSLSK\SLSKDONET.csproj]
     3>C:\Users\quint\OneDrive\Documenten\GitHub\QMUSICSLSK\Services\SearchResultMatcher.cs(174,35): warning CS8604: Possible null reference argument for parameter 'filename' in 'bool SearchResultMatcher.StrictTitleSatisfies(string filename, string expectedTitle)'. [C:\Users\quint\OneDrive\Documenten\GitHub\QMUSICSLSK\SLSKDONET.csproj]
     3>C:\Users\quint\OneDrive\Documenten\GitHub\QMUSICSLSK\Services\DatabaseService.cs(66,19): warning CS8602: Dereference of a possibly null reference. [C:\Users\quint\OneDrive\Documenten\GitHub\QMUSICSLSK\SLSKDONET.csproj]
     3>C:\Users\quint\OneDrive\Documenten\GitHub\QMUSICSLSK\Services\DownloadManager.cs(1153,33): warning CS8629: Nullable value type may be null. [C:\Users\quint\OneDrive\Documenten\GitHub\QMUSICSLSK\SLSKDONET.csproj]
     3>C:\Users\quint\OneDrive\Documenten\GitHub\QMUSICSLSK\Services\DatabaseService.cs(1102,18): warning CS8602: Dereference of a possibly null reference. [C:\Users\quint\OneDrive\Documenten\GitHub\QMUSICSLSK\SLSKDONET.csproj]
     3>C:\Users\quint\OneDrive\Documenten\GitHub\QMUSICSLSK\Services\DatabaseService.cs(1295,26): warning CS0168: The variable 'ex' is declared but never used [C:\Users\quint\OneDrive\Documenten\GitHub\QMUSICSLSK\SLSKDONET.csproj]
     3>C:\Users\quint\OneDrive\Documenten\GitHub\QMUSICSLSK\Services\DatabaseService.cs(1537,93): warning CS8602: Dereference of a possibly null reference. [C:\Users\quint\OneDrive\Documenten\GitHub\QMUSICSLSK\SLSKDONET.csproj]
         CompilerServer: server - server processed compilation - SLSKDONET (net10.0)
     3>Done Building Project "C:\Users\quint\OneDrive\Documenten\GitHub\QMUSICSLSK\SLSKDONET.csproj" (default targets) -- FAILED.
     1>Done Building Project "C:\Users\quint\OneDrive\Documenten\GitHub\QMUSICSLSK\SLSKDONET.sln" (default targets) -- FAILED.

Build FAILED.

       "C:\Users\quint\OneDrive\Documenten\GitHub\QMUSICSLSK\SLSKDONET.sln" (Restore target) (1) ->
       (Restore target) -> 
         C:\Users\quint\OneDrive\Documenten\GitHub\QMUSICSLSK\SLSKDONET.csproj : warning NU1510: PackageReference System.Text.Json will not be pruned. Consider removing this package from your dependencies, as it is likely unnecessary. [C:\Users\quint\OneDrive\Documenten\GitHub\QMUSICSLSK\SLSKDONET.sln]


       "C:\Users\quint\OneDrive\Documenten\GitHub\QMUSICSLSK\SLSKDONET.sln" (default target) (1:2) ->
       "C:\Users\quint\OneDrive\Documenten\GitHub\QMUSICSLSK\SLSKDONET.csproj" (default target) (3:6) ->
       (ResolvePackageAssets target) -> 
         C:\Users\quint\OneDrive\Documenten\GitHub\QMUSICSLSK\SLSKDONET.csproj : warning NU1510: PackageReference System.Text.Json will not be pruned. Consider removing this package from your dependencies, as it is likely unnecessary.


       "C:\Users\quint\OneDrive\Documenten\GitHub\QMUSICSLSK\SLSKDONET.sln" (default target) (1:2) ->
       "C:\Users\quint\OneDrive\Documenten\GitHub\QMUSICSLSK\SLSKDONET.csproj" (default target) (3:6) ->
       (CoreCompile target) -> 
         C:\Users\quint\OneDrive\Documenten\GitHub\QMUSICSLSK\ViewModels\Library\TrackListViewModel.cs(222,9): warning CS8602: Dereference of a possibly null reference. [C:\Users\quint\OneDrive\Documenten\GitHub\QMUSICSLSK\SLSKDONET.csproj]
         C:\Users\quint\OneDrive\Documenten\GitHub\QMUSICSLSK\Services\DashboardService.cs(55,93): warning CS8602: Dereference of a possibly null reference. [C:\Users\quint\OneDrive\Documenten\GitHub\QMUSICSLSK\SLSKDONET.csproj]
         C:\Users\quint\OneDrive\Documenten\GitHub\QMUSICSLSK\ViewModels\Library\TrackListViewModel.cs(406,21): warning CS8602: Dereference of a possibly null reference. [C:\Users\quint\OneDrive\Documenten\GitHub\QMUSICSLSK\SLSKDONET.csproj]
         C:\Users\quint\OneDrive\Documenten\GitHub\QMUSICSLSK\ViewModels\Library\TrackListViewModel.cs(414,30): warning CS8602: Dereference of a possibly null reference. [C:\Users\quint\OneDrive\Documenten\GitHub\QMUSICSLSK\SLSKDONET.csproj]
         C:\Users\quint\OneDrive\Documenten\GitHub\QMUSICSLSK\ViewModels\Library\HierarchicalLibraryViewModel.cs(156,174): warning CS8604: Possible null reference argument for parameter 's' in 'IBrush Brush.Parse(string s)'. [C:\Users\quint\OneDrive\Documenten\GitHub\QMUSICSLSK\SLSKDONET.csproj]
         C:\Users\quint\OneDrive\Documenten\GitHub\QMUSICSLSK\ViewModels\Library\HierarchicalLibraryViewModel.cs(174,188): warning CS8604: Possible null reference argument for parameter 's' in 'IBrush Brush.Parse(string s)'. [C:\Users\quint\OneDrive\Documenten\GitHub\QMUSICSLSK\SLSKDONET.csproj]
         C:\Users\quint\OneDrive\Documenten\GitHub\QMUSICSLSK\ViewModels\Library\TrackListViewModel.cs(430,34): warning CS8602: Dereference of a possibly null reference. [C:\Users\quint\OneDrive\Documenten\GitHub\QMUSICSLSK\SLSKDONET.csproj]
         C:\Users\quint\OneDrive\Documenten\GitHub\QMUSICSLSK\Services\LibraryEnrichmentWorker.cs(67,56): warning CS8602: Dereference of a possibly null reference. [C:\Users\quint\OneDrive\Documenten\GitHub\QMUSICSLSK\SLSKDONET.csproj]
         C:\Users\quint\OneDrive\Documenten\GitHub\QMUSICSLSK\ViewModels\Library\TrackListViewModel.cs(519,30): warning CS8602: Dereference of a possibly null reference. [C:\Users\quint\OneDrive\Documenten\GitHub\QMUSICSLSK\SLSKDONET.csproj]
         C:\Users\quint\OneDrive\Documenten\GitHub\QMUSICSLSK\ViewModels\Library\TrackListViewModel.cs(539,30): warning CS8602: Dereference of a possibly null reference. [C:\Users\quint\OneDrive\Documenten\GitHub\QMUSICSLSK\SLSKDONET.csproj]
         C:\Users\quint\OneDrive\Documenten\GitHub\QMUSICSLSK\Services\LibraryEnrichmentWorker.cs(112,21): warning CS8602: Dereference of a possibly null reference. [C:\Users\quint\OneDrive\Documenten\GitHub\QMUSICSLSK\SLSKDONET.csproj]
         C:\Users\quint\OneDrive\Documenten\GitHub\QMUSICSLSK\ViewModels\Library\TrackListViewModel.cs(556,30): warning CS8602: Dereference of a possibly null reference. [C:\Users\quint\OneDrive\Documenten\GitHub\QMUSICSLSK\SLSKDONET.csproj]
         C:\Users\quint\OneDrive\Documenten\GitHub\QMUSICSLSK\Services\SearchResultMatcher.cs(174,35): warning CS8604: Possible null reference argument for parameter 'filename' in 'bool SearchResultMatcher.StrictTitleSatisfies(string filename, string expectedTitle)'. [C:\Users\quint\OneDrive\Documenten\GitHub\QMUSICSLSK\SLSKDONET.csproj]
         C:\Users\quint\OneDrive\Documenten\GitHub\QMUSICSLSK\Services\DatabaseService.cs(66,19): warning CS8602: Dereference of a possibly null reference. [C:\Users\quint\OneDrive\Documenten\GitHub\QMUSICSLSK\SLSKDONET.csproj]
         C:\Users\quint\OneDrive\Documenten\GitHub\QMUSICSLSK\Services\DownloadManager.cs(1153,33): warning CS8629: Nullable value type may be null. [C:\Users\quint\OneDrive\Documenten\GitHub\QMUSICSLSK\SLSKDONET.csproj]
         C:\Users\quint\OneDrive\Documenten\GitHub\QMUSICSLSK\Services\DatabaseService.cs(1102,18): warning CS8602: Dereference of a possibly null reference. [C:\Users\quint\OneDrive\Documenten\GitHub\QMUSICSLSK\SLSKDONET.csproj]
         C:\Users\quint\OneDrive\Documenten\GitHub\QMUSICSLSK\Services\DatabaseService.cs(1295,26): warning CS0168: The variable 'ex' is declared but never used [C:\Users\quint\OneDrive\Documenten\GitHub\QMUSICSLSK\SLSKDONET.csproj]
         C:\Users\quint\OneDrive\Documenten\GitHub\QMUSICSLSK\Services\DatabaseService.cs(1537,93): warning CS8602: Dereference of a possibly null reference. [C:\Users\quint\OneDrive\Documenten\GitHub\QMUSICSLSK\SLSKDONET.csproj]


       "C:\Users\quint\OneDrive\Documenten\GitHub\QMUSICSLSK\SLSKDONET.sln" (default target) (1:2) ->
       "C:\Users\quint\OneDrive\Documenten\GitHub\QMUSICSLSK\SLSKDONET.csproj" (default target) (3:6) ->
       (CoreCompile target) -> 
         C:\Users\quint\OneDrive\Documenten\GitHub\QMUSICSLSK\ViewModels\HomeViewModel.cs(149,35): error CS1061: 'LibraryHealthEntity' does not contain a definition for 'HealthScore' and no accessible extension method 'HealthScore' accepting a first argument of type 'LibraryHealthEntity' could be found (are you missing a using directive or an assembly reference?) [C:\Users\quint\OneDrive\Documenten\GitHub\QMUSICSLSK\SLSKDONET.csproj]
         C:\Users\quint\OneDrive\Documenten\GitHub\QMUSICSLSK\ViewModels\HomeViewModel.cs(150,35): error CS1061: 'LibraryHealthEntity' does not contain a definition for 'HealthStatus' and no accessible extension method 'HealthStatus' accepting a first argument of type 'LibraryHealthEntity' could be found (are you missing a using directive or an assembly reference?) [C:\Users\quint\OneDrive\Documenten\GitHub\QMUSICSLSK\SLSKDONET.csproj]
         C:\Users\quint\OneDrive\Documenten\GitHub\QMUSICSLSK\ViewModels\HomeViewModel.cs(151,35): error CS1061: 'LibraryHealthEntity' does not contain a definition for 'IssuesCount' and no accessible extension method 'IssuesCount' accepting a first argument of type 'LibraryHealthEntity' could be found (are you missing a using directive or an assembly reference?) [C:\Users\quint\OneDrive\Documenten\GitHub\QMUSICSLSK\SLSKDONET.csproj]
         C:\Users\quint\OneDrive\Documenten\GitHub\QMUSICSLSK\ViewModels\HomeViewModel.cs(157,35): error CS1061: 'LibraryHealthEntity' does not contain a definition for 'HealthStatus' and no accessible extension method 'HealthStatus' accepting a first argument of type 'LibraryHealthEntity' could be found (are you missing a using directive or an assembly reference?) [C:\Users\quint\OneDrive\Documenten\GitHub\QMUSICSLSK\SLSKDONET.csproj]

    20 Warning(s)
    4 Error(s)

Time Elapsed 00:00:02.97
