  Determining projects to restore...
  All projects are up-to-date for restore.
  Avalonia.Controls.TreeDataGrid -> C:\Users\quint\OneDrive\Documenten\GitHub\QMUSICSLSK\External\TreeDataGrid\src\Avalonia.Controls.TreeDataGrid\bin\Debug\net9.0\Avalonia.Controls.TreeDataGrid.dll
C:\Users\quint\OneDrive\Documenten\GitHub\QMUSICSLSK\Views\MainViewModel.cs(181,17): warning CS4014: Because this call is not awaited, execution of the current method continues before the call is completed. Consider applying the 'await' operator to the result of the call. [C:\Users\quint\OneDrive\Documenten\GitHub\QMUSICSLSK\SLSKDONET.csproj]
C:\Users\quint\OneDrive\Documenten\GitHub\QMUSICSLSK\Services\ConfigMigrationService.cs(40,27): warning CS0618: 'AppConfig.CustomWeights' is obsolete: 'Use SearchPolicy instead. Kept for migration stability.' [C:\Users\quint\OneDrive\Documenten\GitHub\QMUSICSLSK\SLSKDONET.csproj]
C:\Users\quint\OneDrive\Documenten\GitHub\QMUSICSLSK\Views\Avalonia\Controls\WaveformControl.cs(101,33): warning CS8602: Dereference of a possibly null reference. [C:\Users\quint\OneDrive\Documenten\GitHub\QMUSICSLSK\SLSKDONET.csproj]
C:\Users\quint\OneDrive\Documenten\GitHub\QMUSICSLSK\Views\Avalonia\Controls\WaveformControl.cs(102,34): warning CS8602: Dereference of a possibly null reference. [C:\Users\quint\OneDrive\Documenten\GitHub\QMUSICSLSK\SLSKDONET.csproj]
C:\Users\quint\OneDrive\Documenten\GitHub\QMUSICSLSK\Views\Avalonia\Controls\WaveformControl.cs(103,34): warning CS8602: Dereference of a possibly null reference. [C:\Users\quint\OneDrive\Documenten\GitHub\QMUSICSLSK\SLSKDONET.csproj]
C:\Users\quint\OneDrive\Documenten\GitHub\QMUSICSLSK\App.axaml.cs(215,41): warning CS0618: 'AppConfig.CustomWeights' is obsolete: 'Use SearchPolicy instead. Kept for migration stability.' [C:\Users\quint\OneDrive\Documenten\GitHub\QMUSICSLSK\SLSKDONET.csproj]
C:\Users\quint\OneDrive\Documenten\GitHub\QMUSICSLSK\ViewModels\SearchViewModel.cs(125,16): warning CS0618: 'AppConfig.CustomWeights' is obsolete: 'Use SearchPolicy instead. Kept for migration stability.' [C:\Users\quint\OneDrive\Documenten\GitHub\QMUSICSLSK\SLSKDONET.csproj]
C:\Users\quint\OneDrive\Documenten\GitHub\QMUSICSLSK\ViewModels\SearchViewModel.cs(128,13): warning CS0618: 'AppConfig.CustomWeights' is obsolete: 'Use SearchPolicy instead. Kept for migration stability.' [C:\Users\quint\OneDrive\Documenten\GitHub\QMUSICSLSK\SLSKDONET.csproj]
C:\Users\quint\OneDrive\Documenten\GitHub\QMUSICSLSK\ViewModels\SearchViewModel.cs(137,16): warning CS0618: 'AppConfig.CustomWeights' is obsolete: 'Use SearchPolicy instead. Kept for migration stability.' [C:\Users\quint\OneDrive\Documenten\GitHub\QMUSICSLSK\SLSKDONET.csproj]
C:\Users\quint\OneDrive\Documenten\GitHub\QMUSICSLSK\ViewModels\SearchViewModel.cs(140,13): warning CS0618: 'AppConfig.CustomWeights' is obsolete: 'Use SearchPolicy instead. Kept for migration stability.' [C:\Users\quint\OneDrive\Documenten\GitHub\QMUSICSLSK\SLSKDONET.csproj]
C:\Users\quint\OneDrive\Documenten\GitHub\QMUSICSLSK\ViewModels\SearchViewModel.cs(149,16): warning CS0618: 'AppConfig.CustomWeights' is obsolete: 'Use SearchPolicy instead. Kept for migration stability.' [C:\Users\quint\OneDrive\Documenten\GitHub\QMUSICSLSK\SLSKDONET.csproj]
C:\Users\quint\OneDrive\Documenten\GitHub\QMUSICSLSK\ViewModels\SearchViewModel.cs(152,13): warning CS0618: 'AppConfig.CustomWeights' is obsolete: 'Use SearchPolicy instead. Kept for migration stability.' [C:\Users\quint\OneDrive\Documenten\GitHub\QMUSICSLSK\SLSKDONET.csproj]
C:\Users\quint\OneDrive\Documenten\GitHub\QMUSICSLSK\ViewModels\SearchViewModel.cs(153,13): warning CS0618: 'AppConfig.CustomWeights' is obsolete: 'Use SearchPolicy instead. Kept for migration stability.' [C:\Users\quint\OneDrive\Documenten\GitHub\QMUSICSLSK\SLSKDONET.csproj]
C:\Users\quint\OneDrive\Documenten\GitHub\QMUSICSLSK\ViewModels\SearchViewModel.cs(154,13): warning CS0618: 'AppConfig.CustomWeights' is obsolete: 'Use SearchPolicy instead. Kept for migration stability.' [C:\Users\quint\OneDrive\Documenten\GitHub\QMUSICSLSK\SLSKDONET.csproj]
C:\Users\quint\OneDrive\Documenten\GitHub\QMUSICSLSK\Services\DownloadManager.cs(458,68): error CS1503: Argument 1: cannot convert from 'System.Guid' to 'string' [C:\Users\quint\OneDrive\Documenten\GitHub\QMUSICSLSK\SLSKDONET.csproj]
C:\Users\quint\OneDrive\Documenten\GitHub\QMUSICSLSK\ViewModels\SearchViewModel.cs(615,23): warning CS0618: 'AppConfig.CustomWeights' is obsolete: 'Use SearchPolicy instead. Kept for migration stability.' [C:\Users\quint\OneDrive\Documenten\GitHub\QMUSICSLSK\SLSKDONET.csproj]
C:\Users\quint\OneDrive\Documenten\GitHub\QMUSICSLSK\Services\DownloadManager.cs(519,70): error CS1503: Argument 1: cannot convert from 'System.Guid' to 'string' [C:\Users\quint\OneDrive\Documenten\GitHub\QMUSICSLSK\SLSKDONET.csproj]
C:\Users\quint\OneDrive\Documenten\GitHub\QMUSICSLSK\Services\DownloadManager.cs(550,66): error CS1503: Argument 1: cannot convert from 'System.Guid' to 'string' [C:\Users\quint\OneDrive\Documenten\GitHub\QMUSICSLSK\SLSKDONET.csproj]
C:\Users\quint\OneDrive\Documenten\GitHub\QMUSICSLSK\ViewModels\SettingsViewModel.cs(862,17): error CS0103: The name 'UseSpotifyApi' does not exist in the current context [C:\Users\quint\OneDrive\Documenten\GitHub\QMUSICSLSK\SLSKDONET.csproj]
C:\Users\quint\OneDrive\Documenten\GitHub\QMUSICSLSK\ViewModels\SettingsViewModel.cs(905,9): error CS0103: The name 'UseSpotifyApi' does not exist in the current context [C:\Users\quint\OneDrive\Documenten\GitHub\QMUSICSLSK\SLSKDONET.csproj]
C:\Users\quint\OneDrive\Documenten\GitHub\QMUSICSLSK\ViewModels\SettingsViewModel.cs(1057,17): error CS0103: The name 'UseSpotifyApi' does not exist in the current context [C:\Users\quint\OneDrive\Documenten\GitHub\QMUSICSLSK\SLSKDONET.csproj]
C:\Users\quint\OneDrive\Documenten\GitHub\QMUSICSLSK\Services\Platform\WindowsTokenStorage.cs(92,23): warning CA2022: Avoid inexact read with 'System.IO.Stream.ReadAsync(byte[], int, int)' (https://learn.microsoft.com/dotnet/fundamentals/code-analysis/quality-rules/ca2022) [C:\Users\quint\OneDrive\Documenten\GitHub\QMUSICSLSK\SLSKDONET.csproj]

Build FAILED.

C:\Users\quint\OneDrive\Documenten\GitHub\QMUSICSLSK\Views\MainViewModel.cs(181,17): warning CS4014: Because this call is not awaited, execution of the current method continues before the call is completed. Consider applying the 'await' operator to the result of the call. [C:\Users\quint\OneDrive\Documenten\GitHub\QMUSICSLSK\SLSKDONET.csproj]
C:\Users\quint\OneDrive\Documenten\GitHub\QMUSICSLSK\Services\ConfigMigrationService.cs(40,27): warning CS0618: 'AppConfig.CustomWeights' is obsolete: 'Use SearchPolicy instead. Kept for migration stability.' [C:\Users\quint\OneDrive\Documenten\GitHub\QMUSICSLSK\SLSKDONET.csproj]
C:\Users\quint\OneDrive\Documenten\GitHub\QMUSICSLSK\Views\Avalonia\Controls\WaveformControl.cs(101,33): warning CS8602: Dereference of a possibly null reference. [C:\Users\quint\OneDrive\Documenten\GitHub\QMUSICSLSK\SLSKDONET.csproj]
C:\Users\quint\OneDrive\Documenten\GitHub\QMUSICSLSK\Views\Avalonia\Controls\WaveformControl.cs(102,34): warning CS8602: Dereference of a possibly null reference. [C:\Users\quint\OneDrive\Documenten\GitHub\QMUSICSLSK\SLSKDONET.csproj]
C:\Users\quint\OneDrive\Documenten\GitHub\QMUSICSLSK\Views\Avalonia\Controls\WaveformControl.cs(103,34): warning CS8602: Dereference of a possibly null reference. [C:\Users\quint\OneDrive\Documenten\GitHub\QMUSICSLSK\SLSKDONET.csproj]
C:\Users\quint\OneDrive\Documenten\GitHub\QMUSICSLSK\App.axaml.cs(215,41): warning CS0618: 'AppConfig.CustomWeights' is obsolete: 'Use SearchPolicy instead. Kept for migration stability.' [C:\Users\quint\OneDrive\Documenten\GitHub\QMUSICSLSK\SLSKDONET.csproj]
C:\Users\quint\OneDrive\Documenten\GitHub\QMUSICSLSK\ViewModels\SearchViewModel.cs(125,16): warning CS0618: 'AppConfig.CustomWeights' is obsolete: 'Use SearchPolicy instead. Kept for migration stability.' [C:\Users\quint\OneDrive\Documenten\GitHub\QMUSICSLSK\SLSKDONET.csproj]
C:\Users\quint\OneDrive\Documenten\GitHub\QMUSICSLSK\ViewModels\SearchViewModel.cs(128,13): warning CS0618: 'AppConfig.CustomWeights' is obsolete: 'Use SearchPolicy instead. Kept for migration stability.' [C:\Users\quint\OneDrive\Documenten\GitHub\QMUSICSLSK\SLSKDONET.csproj]
C:\Users\quint\OneDrive\Documenten\GitHub\QMUSICSLSK\ViewModels\SearchViewModel.cs(137,16): warning CS0618: 'AppConfig.CustomWeights' is obsolete: 'Use SearchPolicy instead. Kept for migration stability.' [C:\Users\quint\OneDrive\Documenten\GitHub\QMUSICSLSK\SLSKDONET.csproj]
C:\Users\quint\OneDrive\Documenten\GitHub\QMUSICSLSK\ViewModels\SearchViewModel.cs(140,13): warning CS0618: 'AppConfig.CustomWeights' is obsolete: 'Use SearchPolicy instead. Kept for migration stability.' [C:\Users\quint\OneDrive\Documenten\GitHub\QMUSICSLSK\SLSKDONET.csproj]
C:\Users\quint\OneDrive\Documenten\GitHub\QMUSICSLSK\ViewModels\SearchViewModel.cs(149,16): warning CS0618: 'AppConfig.CustomWeights' is obsolete: 'Use SearchPolicy instead. Kept for migration stability.' [C:\Users\quint\OneDrive\Documenten\GitHub\QMUSICSLSK\SLSKDONET.csproj]
C:\Users\quint\OneDrive\Documenten\GitHub\QMUSICSLSK\ViewModels\SearchViewModel.cs(152,13): warning CS0618: 'AppConfig.CustomWeights' is obsolete: 'Use SearchPolicy instead. Kept for migration stability.' [C:\Users\quint\OneDrive\Documenten\GitHub\QMUSICSLSK\SLSKDONET.csproj]
C:\Users\quint\OneDrive\Documenten\GitHub\QMUSICSLSK\ViewModels\SearchViewModel.cs(153,13): warning CS0618: 'AppConfig.CustomWeights' is obsolete: 'Use SearchPolicy instead. Kept for migration stability.' [C:\Users\quint\OneDrive\Documenten\GitHub\QMUSICSLSK\SLSKDONET.csproj]
C:\Users\quint\OneDrive\Documenten\GitHub\QMUSICSLSK\ViewModels\SearchViewModel.cs(154,13): warning CS0618: 'AppConfig.CustomWeights' is obsolete: 'Use SearchPolicy instead. Kept for migration stability.' [C:\Users\quint\OneDrive\Documenten\GitHub\QMUSICSLSK\SLSKDONET.csproj]
C:\Users\quint\OneDrive\Documenten\GitHub\QMUSICSLSK\ViewModels\SearchViewModel.cs(615,23): warning CS0618: 'AppConfig.CustomWeights' is obsolete: 'Use SearchPolicy instead. Kept for migration stability.' [C:\Users\quint\OneDrive\Documenten\GitHub\QMUSICSLSK\SLSKDONET.csproj]
C:\Users\quint\OneDrive\Documenten\GitHub\QMUSICSLSK\Services\Platform\WindowsTokenStorage.cs(92,23): warning CA2022: Avoid inexact read with 'System.IO.Stream.ReadAsync(byte[], int, int)' (https://learn.microsoft.com/dotnet/fundamentals/code-analysis/quality-rules/ca2022) [C:\Users\quint\OneDrive\Documenten\GitHub\QMUSICSLSK\SLSKDONET.csproj]
C:\Users\quint\OneDrive\Documenten\GitHub\QMUSICSLSK\Services\DownloadManager.cs(458,68): error CS1503: Argument 1: cannot convert from 'System.Guid' to 'string' [C:\Users\quint\OneDrive\Documenten\GitHub\QMUSICSLSK\SLSKDONET.csproj]
C:\Users\quint\OneDrive\Documenten\GitHub\QMUSICSLSK\Services\DownloadManager.cs(519,70): error CS1503: Argument 1: cannot convert from 'System.Guid' to 'string' [C:\Users\quint\OneDrive\Documenten\GitHub\QMUSICSLSK\SLSKDONET.csproj]
C:\Users\quint\OneDrive\Documenten\GitHub\QMUSICSLSK\Services\DownloadManager.cs(550,66): error CS1503: Argument 1: cannot convert from 'System.Guid' to 'string' [C:\Users\quint\OneDrive\Documenten\GitHub\QMUSICSLSK\SLSKDONET.csproj]
C:\Users\quint\OneDrive\Documenten\GitHub\QMUSICSLSK\ViewModels\SettingsViewModel.cs(862,17): error CS0103: The name 'UseSpotifyApi' does not exist in the current context [C:\Users\quint\OneDrive\Documenten\GitHub\QMUSICSLSK\SLSKDONET.csproj]
C:\Users\quint\OneDrive\Documenten\GitHub\QMUSICSLSK\ViewModels\SettingsViewModel.cs(905,9): error CS0103: The name 'UseSpotifyApi' does not exist in the current context [C:\Users\quint\OneDrive\Documenten\GitHub\QMUSICSLSK\SLSKDONET.csproj]
C:\Users\quint\OneDrive\Documenten\GitHub\QMUSICSLSK\ViewModels\SettingsViewModel.cs(1057,17): error CS0103: The name 'UseSpotifyApi' does not exist in the current context [C:\Users\quint\OneDrive\Documenten\GitHub\QMUSICSLSK\SLSKDONET.csproj]
    16 Warning(s)
    6 Error(s)

Time Elapsed 00:00:20.30
